###############################################################################
#
# IAR ELF Linker V9.50.1.380/W64 for ARM                  06/Feb/2025  18:19:42
# Copyright 2007-2023 IAR Systems AB.
#
#    Output file  =
#        C:\Users\AMAN\Downloads\WC_Gateway-main\2.0\WC_Gateway-main\WC_Gateway-main\EWARM\Source_Code\Exe\Source_Code.out
#    Map file     =
#        C:\Users\AMAN\Downloads\WC_Gateway-main\2.0\WC_Gateway-main\WC_Gateway-main\EWARM\Source_Code\List\Source_Code.map
#    Command line =
#        -f
#        C:\Users\AMAN\Downloads\WC_Gateway-main\2.0\WC_Gateway-main\WC_Gateway-main\EWARM\Source_Code\Exe\Source_Code.out.rsp
#        (C:\Users\AMAN\Downloads\WC_Gateway-main\2.0\WC_Gateway-main\WC_Gateway-main\EWARM\Source_Code\Obj\LwIP_6171225858623166285.dir\altcp.o
#        C:\Users\AMAN\Downloads\WC_Gateway-main\2.0\WC_Gateway-main\WC_Gateway-main\EWARM\Source_Code\Obj\LwIP_6171225858623166285.dir\altcp_alloc.o
#        C:\Users\AMAN\Downloads\WC_Gateway-main\2.0\WC_Gateway-main\WC_Gateway-main\EWARM\Source_Code\Obj\LwIP_6171225858623166285.dir\altcp_tcp.o
#        C:\Users\AMAN\Downloads\WC_Gateway-main\2.0\WC_Gateway-main\WC_Gateway-main\EWARM\Source_Code\Obj\LwIP_6171225858623166285.dir\api_lib.o
#        C:\Users\AMAN\Downloads\WC_Gateway-main\2.0\WC_Gateway-main\WC_Gateway-main\EWARM\Source_Code\Obj\LwIP_6171225858623166285.dir\api_msg.o
#        C:\Users\AMAN\Downloads\WC_Gateway-main\2.0\WC_Gateway-main\WC_Gateway-main\EWARM\Source_Code\Obj\Core_13247989168731456611.dir\App_InIt.o
#        C:\Users\AMAN\Downloads\WC_Gateway-main\2.0\WC_Gateway-main\WC_Gateway-main\EWARM\Source_Code\Obj\Core_13247989168731456611.dir\APP_RAM.o
#        C:\Users\AMAN\Downloads\WC_Gateway-main\2.0\WC_Gateway-main\WC_Gateway-main\EWARM\Source_Code\Obj\LwIP_6171225858623166285.dir\auth.o
#        C:\Users\AMAN\Downloads\WC_Gateway-main\2.0\WC_Gateway-main\WC_Gateway-main\EWARM\Source_Code\Obj\LwIP_6171225858623166285.dir\autoip.o
#        C:\Users\AMAN\Downloads\WC_Gateway-main\2.0\WC_Gateway-main\WC_Gateway-main\EWARM\Source_Code\Obj\LwIP_6171225858623166285.dir\bridgeif.o
#        C:\Users\AMAN\Downloads\WC_Gateway-main\2.0\WC_Gateway-main\WC_Gateway-main\EWARM\Source_Code\Obj\LwIP_6171225858623166285.dir\bridgeif_fdb.o
#        C:\Users\AMAN\Downloads\WC_Gateway-main\2.0\WC_Gateway-main\WC_Gateway-main\EWARM\Source_Code\Obj\LwIP_6171225858623166285.dir\ccp.o
#        C:\Users\AMAN\Downloads\WC_Gateway-main\2.0\WC_Gateway-main\WC_Gateway-main\EWARM\Source_Code\Obj\FatFs_12623354994737465327.dir\ccsbcs.o
#        C:\Users\AMAN\Downloads\WC_Gateway-main\2.0\WC_Gateway-main\WC_Gateway-main\EWARM\Source_Code\Obj\LwIP_6171225858623166285.dir\chap-md5.o
#        C:\Users\AMAN\Downloads\WC_Gateway-main\2.0\WC_Gateway-main\WC_Gateway-main\EWARM\Source_Code\Obj\LwIP_6171225858623166285.dir\chap-new.o
#        C:\Users\AMAN\Downloads\WC_Gateway-main\2.0\WC_Gateway-main\WC_Gateway-main\EWARM\Source_Code\Obj\LwIP_6171225858623166285.dir\chap_ms.o
#        C:\Users\AMAN\Downloads\WC_Gateway-main\2.0\WC_Gateway-main\WC_Gateway-main\EWARM\Source_Code\Obj\Core_13247989168731456611.dir\CheckConfig.o
#        C:\Users\AMAN\Downloads\WC_Gateway-main\2.0\WC_Gateway-main\WC_Gateway-main\EWARM\Source_Code\Obj\LwIP_6171225858623166285.dir\def.o
#        C:\Users\AMAN\Downloads\WC_Gateway-main\2.0\WC_Gateway-main\WC_Gateway-main\EWARM\Source_Code\Obj\LwIP_6171225858623166285.dir\demand.o
#        C:\Users\AMAN\Downloads\WC_Gateway-main\2.0\WC_Gateway-main\WC_Gateway-main\EWARM\Source_Code\Obj\LwIP_6171225858623166285.dir\dhcp.o
#        C:\Users\AMAN\Downloads\WC_Gateway-main\2.0\WC_Gateway-main\WC_Gateway-main\EWARM\Source_Code\Obj\LwIP_6171225858623166285.dir\dhcp6.o
#        C:\Users\AMAN\Downloads\WC_Gateway-main\2.0\WC_Gateway-main\WC_Gateway-main\EWARM\Source_Code\Obj\FatFs_12623354994737465327.dir\diskio.o
#        C:\Users\AMAN\Downloads\WC_Gateway-main\2.0\WC_Gateway-main\WC_Gateway-main\EWARM\Source_Code\Obj\Core_13247989168731456611.dir\DISPLAY_SCREEN.o
#        C:\Users\AMAN\Downloads\WC_Gateway-main\2.0\WC_Gateway-main\WC_Gateway-main\EWARM\Source_Code\Obj\LwIP_6171225858623166285.dir\dns.o
#        C:\Users\AMAN\Downloads\WC_Gateway-main\2.0\WC_Gateway-main\WC_Gateway-main\EWARM\Source_Code\Obj\Components_1361118596739929299.dir\dp83848.o
#        C:\Users\AMAN\Downloads\WC_Gateway-main\2.0\WC_Gateway-main\WC_Gateway-main\EWARM\Source_Code\Obj\LwIP_6171225858623166285.dir\eap.o
#        C:\Users\AMAN\Downloads\WC_Gateway-main\2.0\WC_Gateway-main\WC_Gateway-main\EWARM\Source_Code\Obj\LwIP_6171225858623166285.dir\ecp.o
#        C:\Users\AMAN\Downloads\WC_Gateway-main\2.0\WC_Gateway-main\WC_Gateway-main\EWARM\Source_Code\Obj\Core_13247989168731456611.dir\Epoch_Time.o
#        C:\Users\AMAN\Downloads\WC_Gateway-main\2.0\WC_Gateway-main\WC_Gateway-main\EWARM\Source_Code\Obj\LwIP_6171225858623166285.dir\err.o
#        C:\Users\AMAN\Downloads\WC_Gateway-main\2.0\WC_Gateway-main\WC_Gateway-main\EWARM\Source_Code\Obj\LwIP_6171225858623166285.dir\etharp.o
#        C:\Users\AMAN\Downloads\WC_Gateway-main\2.0\WC_Gateway-main\WC_Gateway-main\EWARM\Source_Code\Obj\LwIP_6171225858623166285.dir\ethernet.o
#        C:\Users\AMAN\Downloads\WC_Gateway-main\2.0\WC_Gateway-main\WC_Gateway-main\EWARM\Source_Code\Obj\Target_3350788479523181063.dir\ethernetif.o
#        C:\Users\AMAN\Downloads\WC_Gateway-main\2.0\WC_Gateway-main\WC_Gateway-main\EWARM\Source_Code\Obj\LwIP_6171225858623166285.dir\ethip6.o
#        C:\Users\AMAN\Downloads\WC_Gateway-main\2.0\WC_Gateway-main\WC_Gateway-main\EWARM\Source_Code\Obj\LwIP_6171225858623166285.dir\eui64.o
#        C:\Users\AMAN\Downloads\WC_Gateway-main\2.0\WC_Gateway-main\WC_Gateway-main\EWARM\Source_Code\Obj\App_10636927718597068559.dir\fatfs.o
#        C:\Users\AMAN\Downloads\WC_Gateway-main\2.0\WC_Gateway-main\WC_Gateway-main\EWARM\Source_Code\Obj\FatFs_12623354994737465327.dir\ff.o
#        C:\Users\AMAN\Downloads\WC_Gateway-main\2.0\WC_Gateway-main\WC_Gateway-main\EWARM\Source_Code\Obj\FatFs_12623354994737465327.dir\ff_gen_drv.o
#        C:\Users\AMAN\Downloads\WC_Gateway-main\2.0\WC_Gateway-main\WC_Gateway-main\EWARM\Source_Code\Obj\Core_13247989168731456611.dir\File_Handling.o
#        C:\Users\AMAN\Downloads\WC_Gateway-main\2.0\WC_Gateway-main\WC_Gateway-main\EWARM\Source_Code\Obj\Core_13247989168731456611.dir\Flash.o
#        C:\Users\AMAN\Downloads\WC_Gateway-main\2.0\WC_Gateway-main\WC_Gateway-main\EWARM\Source_Code\Obj\LwIP_6171225858623166285.dir\fsm.o
#        C:\Users\AMAN\Downloads\WC_Gateway-main\2.0\WC_Gateway-main\WC_Gateway-main\EWARM\Source_Code\Obj\LwIP_6171225858623166285.dir\icmp.o
#        C:\Users\AMAN\Downloads\WC_Gateway-main\2.0\WC_Gateway-main\WC_Gateway-main\EWARM\Source_Code\Obj\LwIP_6171225858623166285.dir\icmp6.o
#        C:\Users\AMAN\Downloads\WC_Gateway-main\2.0\WC_Gateway-main\WC_Gateway-main\EWARM\Source_Code\Obj\LwIP_6171225858623166285.dir\if_api.o
#        C:\Users\AMAN\Downloads\WC_Gateway-main\2.0\WC_Gateway-main\WC_Gateway-main\EWARM\Source_Code\Obj\LwIP_6171225858623166285.dir\igmp.o
#        C:\Users\AMAN\Downloads\WC_Gateway-main\2.0\WC_Gateway-main\WC_Gateway-main\EWARM\Source_Code\Obj\LwIP_6171225858623166285.dir\inet6.o
#        C:\Users\AMAN\Downloads\WC_Gateway-main\2.0\WC_Gateway-main\WC_Gateway-main\EWARM\Source_Code\Obj\LwIP_6171225858623166285.dir\inet_chksum.o
#        C:\Users\AMAN\Downloads\WC_Gateway-main\2.0\WC_Gateway-main\WC_Gateway-main\EWARM\Source_Code\Obj\LwIP_6171225858623166285.dir\init.o
#        C:\Users\AMAN\Downloads\WC_Gateway-main\2.0\WC_Gateway-main\WC_Gateway-main\EWARM\Source_Code\Obj\LwIP_6171225858623166285.dir\ip.o
#        C:\Users\AMAN\Downloads\WC_Gateway-main\2.0\WC_Gateway-main\WC_Gateway-main\EWARM\Source_Code\Obj\LwIP_6171225858623166285.dir\ip4.o
#        C:\Users\AMAN\Downloads\WC_Gateway-main\2.0\WC_Gateway-main\WC_Gateway-main\EWARM\Source_Code\Obj\LwIP_6171225858623166285.dir\ip4_addr.o
#        C:\Users\AMAN\Downloads\WC_Gateway-main\2.0\WC_Gateway-main\WC_Gateway-main\EWARM\Source_Code\Obj\LwIP_6171225858623166285.dir\ip4_frag.o
#        C:\Users\AMAN\Downloads\WC_Gateway-main\2.0\WC_Gateway-main\WC_Gateway-main\EWARM\Source_Code\Obj\LwIP_6171225858623166285.dir\ip6.o
#        C:\Users\AMAN\Downloads\WC_Gateway-main\2.0\WC_Gateway-main\WC_Gateway-main\EWARM\Source_Code\Obj\LwIP_6171225858623166285.dir\ip6_addr.o
#        C:\Users\AMAN\Downloads\WC_Gateway-main\2.0\WC_Gateway-main\WC_Gateway-main\EWARM\Source_Code\Obj\LwIP_6171225858623166285.dir\ip6_frag.o
#        C:\Users\AMAN\Downloads\WC_Gateway-main\2.0\WC_Gateway-main\WC_Gateway-main\EWARM\Source_Code\Obj\LwIP_6171225858623166285.dir\ipcp.o
#        C:\Users\AMAN\Downloads\WC_Gateway-main\2.0\WC_Gateway-main\WC_Gateway-main\EWARM\Source_Code\Obj\LwIP_6171225858623166285.dir\ipv6cp.o
#        C:\Users\AMAN\Downloads\WC_Gateway-main\2.0\WC_Gateway-main\WC_Gateway-main\EWARM\Source_Code\Obj\Core_13247989168731456611.dir\LCD_Driver.o
#        C:\Users\AMAN\Downloads\WC_Gateway-main\2.0\WC_Gateway-main\WC_Gateway-main\EWARM\Source_Code\Obj\Core_13247989168731456611.dir\LCD_Text_Scroll.o
#        C:\Users\AMAN\Downloads\WC_Gateway-main\2.0\WC_Gateway-main\WC_Gateway-main\EWARM\Source_Code\Obj\LwIP_6171225858623166285.dir\lcp.o
#        C:\Users\AMAN\Downloads\WC_Gateway-main\2.0\WC_Gateway-main\WC_Gateway-main\EWARM\Source_Code\Obj\LwIP_6171225858623166285.dir\lowpan6.o
#        C:\Users\AMAN\Downloads\WC_Gateway-main\2.0\WC_Gateway-main\WC_Gateway-main\EWARM\Source_Code\Obj\LwIP_6171225858623166285.dir\lowpan6_ble.o
#        C:\Users\AMAN\Downloads\WC_Gateway-main\2.0\WC_Gateway-main\WC_Gateway-main\EWARM\Source_Code\Obj\LwIP_6171225858623166285.dir\lowpan6_common.o
#        C:\Users\AMAN\Downloads\WC_Gateway-main\2.0\WC_Gateway-main\WC_Gateway-main\EWARM\Source_Code\Obj\App_1701151011510409763.dir\lwip.o
#        C:\Users\AMAN\Downloads\WC_Gateway-main\2.0\WC_Gateway-main\WC_Gateway-main\EWARM\Source_Code\Obj\LwIP_6171225858623166285.dir\magic.o
#        C:\Users\AMAN\Downloads\WC_Gateway-main\2.0\WC_Gateway-main\WC_Gateway-main\EWARM\Source_Code\Obj\Core_13247989168731456611.dir\main.o
#        C:\Users\AMAN\Downloads\WC_Gateway-main\2.0\WC_Gateway-main\WC_Gateway-main\EWARM\Source_Code\Obj\LwIP_6171225858623166285.dir\mem.o
#        C:\Users\AMAN\Downloads\WC_Gateway-main\2.0\WC_Gateway-main\WC_Gateway-main\EWARM\Source_Code\Obj\LwIP_6171225858623166285.dir\memp.o
#        C:\Users\AMAN\Downloads\WC_Gateway-main\2.0\WC_Gateway-main\WC_Gateway-main\EWARM\Source_Code\Obj\LwIP_6171225858623166285.dir\mld6.o
#        C:\Users\AMAN\Downloads\WC_Gateway-main\2.0\WC_Gateway-main\WC_Gateway-main\EWARM\Source_Code\Obj\Core_13247989168731456611.dir\MODBUS_Driver.o
#        C:\Users\AMAN\Downloads\WC_Gateway-main\2.0\WC_Gateway-main\WC_Gateway-main\EWARM\Source_Code\Obj\LwIP_6171225858623166285.dir\mppe.o
#        C:\Users\AMAN\Downloads\WC_Gateway-main\2.0\WC_Gateway-main\WC_Gateway-main\EWARM\Source_Code\Obj\LwIP_6171225858623166285.dir\mqtt.o
#        C:\Users\AMAN\Downloads\WC_Gateway-main\2.0\WC_Gateway-main\WC_Gateway-main\EWARM\Source_Code\Obj\Core_13247989168731456611.dir\Msic_Function.o
#        C:\Users\AMAN\Downloads\WC_Gateway-main\2.0\WC_Gateway-main\WC_Gateway-main\EWARM\Source_Code\Obj\LwIP_6171225858623166285.dir\multilink.o
#        C:\Users\AMAN\Downloads\WC_Gateway-main\2.0\WC_Gateway-main\WC_Gateway-main\EWARM\Source_Code\Obj\LwIP_6171225858623166285.dir\nd6.o
#        C:\Users\AMAN\Downloads\WC_Gateway-main\2.0\WC_Gateway-main\WC_Gateway-main\EWARM\Source_Code\Obj\LwIP_6171225858623166285.dir\netbuf.o
#        C:\Users\AMAN\Downloads\WC_Gateway-main\2.0\WC_Gateway-main\WC_Gateway-main\EWARM\Source_Code\Obj\LwIP_6171225858623166285.dir\netdb.o
#        C:\Users\AMAN\Downloads\WC_Gateway-main\2.0\WC_Gateway-main\WC_Gateway-main\EWARM\Source_Code\Obj\LwIP_6171225858623166285.dir\netif.o
#        C:\Users\AMAN\Downloads\WC_Gateway-main\2.0\WC_Gateway-main\WC_Gateway-main\EWARM\Source_Code\Obj\LwIP_6171225858623166285.dir\netifapi.o
#        C:\Users\AMAN\Downloads\WC_Gateway-main\2.0\WC_Gateway-main\WC_Gateway-main\EWARM\Source_Code\Obj\LwIP_6171225858623166285.dir\pbuf.o
#        C:\Users\AMAN\Downloads\WC_Gateway-main\2.0\WC_Gateway-main\WC_Gateway-main\EWARM\Source_Code\Obj\LwIP_6171225858623166285.dir\ppp.o
#        C:\Users\AMAN\Downloads\WC_Gateway-main\2.0\WC_Gateway-main\WC_Gateway-main\EWARM\Source_Code\Obj\LwIP_6171225858623166285.dir\pppapi.o
#        C:\Users\AMAN\Downloads\WC_Gateway-main\2.0\WC_Gateway-main\WC_Gateway-main\EWARM\Source_Code\Obj\LwIP_6171225858623166285.dir\pppcrypt.o
#        C:\Users\AMAN\Downloads\WC_Gateway-main\2.0\WC_Gateway-main\WC_Gateway-main\EWARM\Source_Code\Obj\LwIP_6171225858623166285.dir\pppoe.o
#        C:\Users\AMAN\Downloads\WC_Gateway-main\2.0\WC_Gateway-main\WC_Gateway-main\EWARM\Source_Code\Obj\LwIP_6171225858623166285.dir\pppol2tp.o
#        C:\Users\AMAN\Downloads\WC_Gateway-main\2.0\WC_Gateway-main\WC_Gateway-main\EWARM\Source_Code\Obj\LwIP_6171225858623166285.dir\pppos.o
#        C:\Users\AMAN\Downloads\WC_Gateway-main\2.0\WC_Gateway-main\WC_Gateway-main\EWARM\Source_Code\Obj\LwIP_6171225858623166285.dir\raw.o
#        C:\Users\AMAN\Downloads\WC_Gateway-main\2.0\WC_Gateway-main\WC_Gateway-main\EWARM\Source_Code\Obj\Core_13247989168731456611.dir\RFM_Driver.o
#        C:\Users\AMAN\Downloads\WC_Gateway-main\2.0\WC_Gateway-main\WC_Gateway-main\EWARM\Source_Code\Obj\Core_13247989168731456611.dir\RTC.o
#        C:\Users\AMAN\Downloads\WC_Gateway-main\2.0\WC_Gateway-main\WC_Gateway-main\EWARM\Source_Code\Obj\Core_13247989168731456611.dir\Scanner.o
#        C:\Users\AMAN\Downloads\WC_Gateway-main\2.0\WC_Gateway-main\WC_Gateway-main\EWARM\Source_Code\Obj\Core_13247989168731456611.dir\Slave_Read_Write.o
#        C:\Users\AMAN\Downloads\WC_Gateway-main\2.0\WC_Gateway-main\WC_Gateway-main\EWARM\Source_Code\Obj\LwIP_6171225858623166285.dir\slipif.o
#        C:\Users\AMAN\Downloads\WC_Gateway-main\2.0\WC_Gateway-main\WC_Gateway-main\EWARM\Source_Code\Obj\LwIP_6171225858623166285.dir\sockets.o
#        C:\Users\AMAN\Downloads\WC_Gateway-main\2.0\WC_Gateway-main\WC_Gateway-main\EWARM\Source_Code\Obj\Core_13247989168731456611.dir\SPI_Flash_Driver.o
#        C:\Users\AMAN\Downloads\WC_Gateway-main\2.0\WC_Gateway-main\WC_Gateway-main\EWARM\Source_Code\Obj\EWARM_18443280873093131863.dir\startup_stm32f429xx.o
#        C:\Users\AMAN\Downloads\WC_Gateway-main\2.0\WC_Gateway-main\WC_Gateway-main\EWARM\Source_Code\Obj\LwIP_6171225858623166285.dir\stats.o
#        C:\Users\AMAN\Downloads\WC_Gateway-main\2.0\WC_Gateway-main\WC_Gateway-main\EWARM\Source_Code\Obj\STM32F4xx_HAL_Driver_1244631019742807970.dir\stm32f4xx_hal.o
#        C:\Users\AMAN\Downloads\WC_Gateway-main\2.0\WC_Gateway-main\WC_Gateway-main\EWARM\Source_Code\Obj\STM32F4xx_HAL_Driver_1244631019742807970.dir\stm32f4xx_hal_cortex.o
#        C:\Users\AMAN\Downloads\WC_Gateway-main\2.0\WC_Gateway-main\WC_Gateway-main\EWARM\Source_Code\Obj\STM32F4xx_HAL_Driver_1244631019742807970.dir\stm32f4xx_hal_dma.o
#        C:\Users\AMAN\Downloads\WC_Gateway-main\2.0\WC_Gateway-main\WC_Gateway-main\EWARM\Source_Code\Obj\STM32F4xx_HAL_Driver_1244631019742807970.dir\stm32f4xx_hal_dma_ex.o
#        C:\Users\AMAN\Downloads\WC_Gateway-main\2.0\WC_Gateway-main\WC_Gateway-main\EWARM\Source_Code\Obj\STM32F4xx_HAL_Driver_1244631019742807970.dir\stm32f4xx_hal_eth.o
#        C:\Users\AMAN\Downloads\WC_Gateway-main\2.0\WC_Gateway-main\WC_Gateway-main\EWARM\Source_Code\Obj\STM32F4xx_HAL_Driver_1244631019742807970.dir\stm32f4xx_hal_exti.o
#        C:\Users\AMAN\Downloads\WC_Gateway-main\2.0\WC_Gateway-main\WC_Gateway-main\EWARM\Source_Code\Obj\STM32F4xx_HAL_Driver_1244631019742807970.dir\stm32f4xx_hal_flash.o
#        C:\Users\AMAN\Downloads\WC_Gateway-main\2.0\WC_Gateway-main\WC_Gateway-main\EWARM\Source_Code\Obj\STM32F4xx_HAL_Driver_1244631019742807970.dir\stm32f4xx_hal_flash_ex.o
#        C:\Users\AMAN\Downloads\WC_Gateway-main\2.0\WC_Gateway-main\WC_Gateway-main\EWARM\Source_Code\Obj\STM32F4xx_HAL_Driver_1244631019742807970.dir\stm32f4xx_hal_flash_ramfunc.o
#        C:\Users\AMAN\Downloads\WC_Gateway-main\2.0\WC_Gateway-main\WC_Gateway-main\EWARM\Source_Code\Obj\STM32F4xx_HAL_Driver_1244631019742807970.dir\stm32f4xx_hal_gpio.o
#        C:\Users\AMAN\Downloads\WC_Gateway-main\2.0\WC_Gateway-main\WC_Gateway-main\EWARM\Source_Code\Obj\STM32F4xx_HAL_Driver_1244631019742807970.dir\stm32f4xx_hal_hcd.o
#        C:\Users\AMAN\Downloads\WC_Gateway-main\2.0\WC_Gateway-main\WC_Gateway-main\EWARM\Source_Code\Obj\Core_13247989168731456611.dir\stm32f4xx_hal_msp.o
#        C:\Users\AMAN\Downloads\WC_Gateway-main\2.0\WC_Gateway-main\WC_Gateway-main\EWARM\Source_Code\Obj\STM32F4xx_HAL_Driver_1244631019742807970.dir\stm32f4xx_hal_pwr.o
#        C:\Users\AMAN\Downloads\WC_Gateway-main\2.0\WC_Gateway-main\WC_Gateway-main\EWARM\Source_Code\Obj\STM32F4xx_HAL_Driver_1244631019742807970.dir\stm32f4xx_hal_pwr_ex.o
#        C:\Users\AMAN\Downloads\WC_Gateway-main\2.0\WC_Gateway-main\WC_Gateway-main\EWARM\Source_Code\Obj\STM32F4xx_HAL_Driver_1244631019742807970.dir\stm32f4xx_hal_rcc.o
#        C:\Users\AMAN\Downloads\WC_Gateway-main\2.0\WC_Gateway-main\WC_Gateway-main\EWARM\Source_Code\Obj\STM32F4xx_HAL_Driver_1244631019742807970.dir\stm32f4xx_hal_rcc_ex.o
#        C:\Users\AMAN\Downloads\WC_Gateway-main\2.0\WC_Gateway-main\WC_Gateway-main\EWARM\Source_Code\Obj\STM32F4xx_HAL_Driver_1244631019742807970.dir\stm32f4xx_hal_rtc.o
#        C:\Users\AMAN\Downloads\WC_Gateway-main\2.0\WC_Gateway-main\WC_Gateway-main\EWARM\Source_Code\Obj\STM32F4xx_HAL_Driver_1244631019742807970.dir\stm32f4xx_hal_rtc_ex.o
#        C:\Users\AMAN\Downloads\WC_Gateway-main\2.0\WC_Gateway-main\WC_Gateway-main\EWARM\Source_Code\Obj\STM32F4xx_HAL_Driver_1244631019742807970.dir\stm32f4xx_hal_tim.o
#        C:\Users\AMAN\Downloads\WC_Gateway-main\2.0\WC_Gateway-main\WC_Gateway-main\EWARM\Source_Code\Obj\STM32F4xx_HAL_Driver_1244631019742807970.dir\stm32f4xx_hal_tim_ex.o
#        C:\Users\AMAN\Downloads\WC_Gateway-main\2.0\WC_Gateway-main\WC_Gateway-main\EWARM\Source_Code\Obj\Core_13247989168731456611.dir\stm32f4xx_it.o
#        C:\Users\AMAN\Downloads\WC_Gateway-main\2.0\WC_Gateway-main\WC_Gateway-main\EWARM\Source_Code\Obj\STM32F4xx_HAL_Driver_1244631019742807970.dir\stm32f4xx_ll_crc.o
#        C:\Users\AMAN\Downloads\WC_Gateway-main\2.0\WC_Gateway-main\WC_Gateway-main\EWARM\Source_Code\Obj\STM32F4xx_HAL_Driver_1244631019742807970.dir\stm32f4xx_ll_dma.o
#        C:\Users\AMAN\Downloads\WC_Gateway-main\2.0\WC_Gateway-main\WC_Gateway-main\EWARM\Source_Code\Obj\STM32F4xx_HAL_Driver_1244631019742807970.dir\stm32f4xx_ll_exti.o
#        C:\Users\AMAN\Downloads\WC_Gateway-main\2.0\WC_Gateway-main\WC_Gateway-main\EWARM\Source_Code\Obj\STM32F4xx_HAL_Driver_1244631019742807970.dir\stm32f4xx_ll_gpio.o
#        C:\Users\AMAN\Downloads\WC_Gateway-main\2.0\WC_Gateway-main\WC_Gateway-main\EWARM\Source_Code\Obj\STM32F4xx_HAL_Driver_1244631019742807970.dir\stm32f4xx_ll_rcc.o
#        C:\Users\AMAN\Downloads\WC_Gateway-main\2.0\WC_Gateway-main\WC_Gateway-main\EWARM\Source_Code\Obj\STM32F4xx_HAL_Driver_1244631019742807970.dir\stm32f4xx_ll_spi.o
#        C:\Users\AMAN\Downloads\WC_Gateway-main\2.0\WC_Gateway-main\WC_Gateway-main\EWARM\Source_Code\Obj\STM32F4xx_HAL_Driver_1244631019742807970.dir\stm32f4xx_ll_usart.o
#        C:\Users\AMAN\Downloads\WC_Gateway-main\2.0\WC_Gateway-main\WC_Gateway-main\EWARM\Source_Code\Obj\STM32F4xx_HAL_Driver_1244631019742807970.dir\stm32f4xx_ll_usb.o
#        C:\Users\AMAN\Downloads\WC_Gateway-main\2.0\WC_Gateway-main\WC_Gateway-main\EWARM\Source_Code\Obj\STM32F4xx_HAL_Driver_1244631019742807970.dir\stm32f4xx_ll_utils.o
#        C:\Users\AMAN\Downloads\WC_Gateway-main\2.0\WC_Gateway-main\WC_Gateway-main\EWARM\Source_Code\Obj\LwIP_6171225858623166285.dir\sys.o
#        C:\Users\AMAN\Downloads\WC_Gateway-main\2.0\WC_Gateway-main\WC_Gateway-main\EWARM\Source_Code\Obj\FatFs_12623354994737465327.dir\syscall.o
#        C:\Users\AMAN\Downloads\WC_Gateway-main\2.0\WC_Gateway-main\WC_Gateway-main\EWARM\Source_Code\Obj\CMSIS_6603591812247902717.dir\system_stm32f4xx.o
#        C:\Users\AMAN\Downloads\WC_Gateway-main\2.0\WC_Gateway-main\WC_Gateway-main\EWARM\Source_Code\Obj\LwIP_6171225858623166285.dir\tcp.o
#        C:\Users\AMAN\Downloads\WC_Gateway-main\2.0\WC_Gateway-main\WC_Gateway-main\EWARM\Source_Code\Obj\LwIP_6171225858623166285.dir\tcp_in.o
#        C:\Users\AMAN\Downloads\WC_Gateway-main\2.0\WC_Gateway-main\WC_Gateway-main\EWARM\Source_Code\Obj\LwIP_6171225858623166285.dir\tcp_out.o
#        C:\Users\AMAN\Downloads\WC_Gateway-main\2.0\WC_Gateway-main\WC_Gateway-main\EWARM\Source_Code\Obj\LwIP_6171225858623166285.dir\tcpip.o
#        C:\Users\AMAN\Downloads\WC_Gateway-main\2.0\WC_Gateway-main\WC_Gateway-main\EWARM\Source_Code\Obj\Core_13247989168731456611.dir\TCPServerRAW.o
#        C:\Users\AMAN\Downloads\WC_Gateway-main\2.0\WC_Gateway-main\WC_Gateway-main\EWARM\Source_Code\Obj\LwIP_6171225858623166285.dir\timeouts.o
#        C:\Users\AMAN\Downloads\WC_Gateway-main\2.0\WC_Gateway-main\WC_Gateway-main\EWARM\Source_Code\Obj\LwIP_6171225858623166285.dir\udp.o
#        C:\Users\AMAN\Downloads\WC_Gateway-main\2.0\WC_Gateway-main\WC_Gateway-main\EWARM\Source_Code\Obj\LwIP_6171225858623166285.dir\upap.o
#        C:\Users\AMAN\Downloads\WC_Gateway-main\2.0\WC_Gateway-main\WC_Gateway-main\EWARM\Source_Code\Obj\App_3401708908514150217.dir\usb_host.o
#        C:\Users\AMAN\Downloads\WC_Gateway-main\2.0\WC_Gateway-main\WC_Gateway-main\EWARM\Source_Code\Obj\Target_7593072556162471310.dir\usbh_conf.o
#        C:\Users\AMAN\Downloads\WC_Gateway-main\2.0\WC_Gateway-main\WC_Gateway-main\EWARM\Source_Code\Obj\USB_Host_Library_16194517938818721155.dir\usbh_core.o
#        C:\Users\AMAN\Downloads\WC_Gateway-main\2.0\WC_Gateway-main\WC_Gateway-main\EWARM\Source_Code\Obj\USB_Host_Library_16194517938818721155.dir\usbh_ctlreq.o
#        C:\Users\AMAN\Downloads\WC_Gateway-main\2.0\WC_Gateway-main\WC_Gateway-main\EWARM\Source_Code\Obj\Target_18182977373954435029.dir\usbh_diskio.o
#        C:\Users\AMAN\Downloads\WC_Gateway-main\2.0\WC_Gateway-main\WC_Gateway-main\EWARM\Source_Code\Obj\USB_Host_Library_16194517938818721155.dir\usbh_ioreq.o
#        C:\Users\AMAN\Downloads\WC_Gateway-main\2.0\WC_Gateway-main\WC_Gateway-main\EWARM\Source_Code\Obj\USB_Host_Library_16194517938818721155.dir\usbh_msc.o
#        C:\Users\AMAN\Downloads\WC_Gateway-main\2.0\WC_Gateway-main\WC_Gateway-main\EWARM\Source_Code\Obj\USB_Host_Library_16194517938818721155.dir\usbh_msc_bot.o
#        C:\Users\AMAN\Downloads\WC_Gateway-main\2.0\WC_Gateway-main\WC_Gateway-main\EWARM\Source_Code\Obj\USB_Host_Library_16194517938818721155.dir\usbh_msc_scsi.o
#        C:\Users\AMAN\Downloads\WC_Gateway-main\2.0\WC_Gateway-main\WC_Gateway-main\EWARM\Source_Code\Obj\USB_Host_Library_16194517938818721155.dir\usbh_pipes.o
#        C:\Users\AMAN\Downloads\WC_Gateway-main\2.0\WC_Gateway-main\WC_Gateway-main\EWARM\Source_Code\Obj\LwIP_6171225858623166285.dir\utils.o
#        C:\Users\AMAN\Downloads\WC_Gateway-main\2.0\WC_Gateway-main\WC_Gateway-main\EWARM\Source_Code\Obj\LwIP_6171225858623166285.dir\vj.o
#        C:\Users\AMAN\Downloads\WC_Gateway-main\2.0\WC_Gateway-main\WC_Gateway-main\EWARM\Source_Code\Obj\LwIP_6171225858623166285.dir\zepif.o
#        --no_out_extension -o
#        C:\Users\AMAN\Downloads\WC_Gateway-main\2.0\WC_Gateway-main\WC_Gateway-main\EWARM\Source_Code\Exe\Source_Code.out
#        --redirect _Printf=_PrintfFullNoMb --redirect _Scanf=_ScanfFullNoMb
#        --map
#        C:\Users\AMAN\Downloads\WC_Gateway-main\2.0\WC_Gateway-main\WC_Gateway-main\EWARM\Source_Code\List\Source_Code.map
#        --config
#        C:\Users\AMAN\Downloads\WC_Gateway-main\2.0\WC_Gateway-main\WC_Gateway-main\EWARM/stm32f429xx_flash.icf
#        --semihosting --entry __iar_program_start --vfe --text_out locale
#        --cpu=Cortex-M4 --fpu=VFPv4_sp) --dependencies=n
#        C:\Users\AMAN\Downloads\WC_Gateway-main\2.0\WC_Gateway-main\WC_Gateway-main\EWARM\Source_Code\Exe\Source_Code.out.iar_deps
#
###############################################################################

*******************************************************************************
*** RUNTIME MODEL ATTRIBUTES
***

CppFlavor       = *
__CPP_Runtime   = 1
__Heap_Handler  = Basic
__SystemLibrary = DLib
__dlib_version  = 6


*******************************************************************************
*** HEAP SELECTION
***

The basic heap was selected because --advanced_heap
was not specified and the application did not appear to
be primarily optimized for speed.


*******************************************************************************
*** PLACEMENT SUMMARY
***

"A0":  place at address 0x800'0000 { ro section .intvec };
"P1":  place in [from 0x800'0000 to 0x81f'ffff] { ro };
define block CSTACK with size = 4K, alignment = 8 { };
define block HEAP with size = 2K, alignment = 8 { };
"P2":  place in [from 0x2000'0000 to 0x2002'ffff] {
          rw, block CSTACK, block HEAP };
initialize by copy { rw };

  Section            Kind         Address  Aligment      Size  Object
  -------            ----         -------  --------      ----  ------
"A0":                                                   0x1ac
  .intvec            ro code   0x800'0000         4     0x1ac  startup_stm32f429xx.o [7]
                             - 0x800'01ac               0x1ac

"P1":                                                0x2'4359
  .text              ro code   0x800'01ac         4    0x3646  ff.o [8]
  .text              ro code   0x800'37f2         2      0x7e  lz77_init_single.o [17]
  .text              ro code   0x800'3870         4      0xf8  diskio.o [8]
  .text              ro code   0x800'3968         4     0x230  I64DivMod.o [17]
  .text              ro code   0x800'3b98         4     0x12c  ccsbcs.o [8]
  .text              ro code   0x800'3cc4         4      0x20  fatfs.o [1]
  .text              ro code   0x800'3ce4         4       0x2  I64DivZer.o [17]
  .text              ro code   0x800'3ce6         2      0x1e  xsscin.o [15]
  .text              ro code   0x800'3d04         4      0x60  ff_gen_drv.o [8]
  .text              ro code   0x800'3d64         4    0x1c54  tcp_in.o [9]
  .text              ro code   0x800'59b8         4      0x28  printf.o [15]
  .text              ro code   0x800'59e0         4      0x50  ip4_addr.o [9]
  .text              ro code   0x800'5a30         2      0x2c  def.o [9]
  .text              ro code   0x800'5a5c         4     0x978  pbuf.o [9]
  .text              ro code   0x800'63d4         4    0x1582  tcp.o [9]
  .text              ro code   0x800'7956         2      0x1a  xsnprout.o [15]
  .text              ro code   0x800'7970         4    0x1a00  tcp_out.o [9]
  .text              ro code   0x800'9370         4     0x1e0  timeouts.o [9]
  .text              ro code   0x800'9550         4     0x488  ip4.o [9]
  .text              ro code   0x800'99d8         4     0xeca  xprintffull_nomb.o [15]
  .text              ro code   0x800'a8a2         2       0xa  xsprout.o [15]
  .text              ro code   0x800'a8ac         4     0x1d0  memp.o [9]
  .text              ro code   0x800'aa7c         4     0x6ec  mem.o [9]
  .text              ro code   0x800'b168         4      0xa6  ABImemcpy.o [17]
  .rodata            const     0x800'b20e         2       0x2  xlocale_c.o [15]
  .text              ro code   0x800'b210         4      0x98  rand.o [15]
  .text              ro code   0x800'b2a8         4      0x66  ABImemset.o [17]
  .rodata            const     0x800'b30e         2       0x2  xlocale_c.o [15]
  .text              ro code   0x800'b310         4     0x43c  netif.o [9]
  .text              ro code   0x800'b74c         4     0x59a  ethernetif.o [12]
  .rodata            const     0x800'bce6                 0x1  xlocale_c.o [15]
  .text              ro code   0x800'bce8         4     0xa9c  ip4_frag.o [9]
  .text              ro code   0x800'c784         4     0x360  icmp.o [9]
  .text              ro code   0x800'cae4         4      0x16  strchr.o [17]
  .text              ro code   0x800'cafc         4      0x40  xfail_s.o [15]
  .text              ro code   0x800'cb3c         4      0x36  strlen.o [17]
  .text              ro code   0x800'cb74         4      0x58  memchr.o [17]
  .text              ro code   0x800'cbcc         4      0x70  frexp.o [16]
  .text              ro code   0x800'cc3c         4      0x34  DblCmpLe.o [16]
  .text              ro code   0x800'cc70         4      0x34  DblCmpGe.o [16]
  .text              ro code   0x800'cca4         4     0x13a  ldexp.o [16]
  .text              ro code   0x800'cde0         4      0x36  DblToS32.o [16]
  .text              ro code   0x800'ce18         4      0x22  S32ToDbl.o [16]
  .text              ro code   0x800'ce3c         4     0x25e  DblAddSub.o [16]
  .text              ro code   0x800'd09c         4     0x246  DblDiv.o [16]
  .text              ro code   0x800'd2e4         4      0x22  DblToU32.o [16]
  .text              ro code   0x800'd308         4      0x1c  U32ToDbl.o [16]
  .text              ro code   0x800'd324         4     0x1aa  DblMul.o [16]
  .text              ro code   0x800'd4d0         4      0x4c  xlocale_c.o [15]
  .text              ro code   0x800'd51c         4     0xb84  etharp.o [9]
  .text              ro code   0x800'e0a0         4     0xdce  stm32f4xx_hal_eth.o [10]
  .text              ro code   0x800'ee6e         2     0x168  dp83848.o [5]
  .text              ro code   0x800'efd8         4     0x862  main.o [6]
  .text              ro code   0x800'f83c         4       0x6  ABImemclr4.o [17]
  .text              ro code   0x800'f844         4       0xc  stm32f4xx_hal.o [10]
  .text              ro code   0x800'f850         4     0x27c  stm32f4xx_hal_gpio.o [10]
  .text              ro code   0x800'facc         4     0x15c  stm32f4xx_hal_cortex.o [10]
  .text              ro code   0x800'fc28         4      0xdc  inet_chksum.o [9]
  .text              ro code   0x800'fd04         2       0x6  abort.o [15]
  .text              ro code   0x800'fd0c         4     0x190  ethernet.o [9]
  .text              ro code   0x800'fe9c         4      0x28  stm32f4xx_hal.o [10]
  .text              ro code   0x800'fec4         2       0x2  stm32f4xx_hal_eth.o [10]
  .text              ro code   0x800'fec6         2       0x2  stm32f4xx_hal_eth.o [10]
  .text              ro code   0x800'fec8         2       0x2  stm32f4xx_hal_eth.o [10]
  .text              ro code   0x800'feca         2       0x2  stm32f4xx_hal_eth.o [10]
  .text              ro code   0x800'fecc         2       0x2  stm32f4xx_hal_eth.o [10]
  .text              ro code   0x800'fed0         4     0x208  stm32f4xx_hal_rcc.o [10]
  .text              ro code   0x801'00d8         4      0x34  stm32f4xx_hal.o [10]
  .text              ro code   0x801'010c         4     0x4a4  SPI_Flash_Driver.o [6]
  .text              ro code   0x801'05b0         4     0x14c  usb_host.o [3]
  .text              ro code   0x801'06fc         4     0x10e  lwip.o [2]
  .text              ro code   0x801'080c         4      0xf8  App_InIt.o [6]
  .text              ro code   0x801'0904         4    0x1048  DISPLAY_SCREEN.o [6]
  .text              ro code   0x801'194c         4     0x1d8  Slave_Read_Write.o [6]
  .text              ro code   0x801'1b24         4     0x77c  Msic_Function.o [6]
  .text              ro code   0x801'22a0         4     0x388  Flash.o [6]
  .text              ro code   0x801'2628         4     0x3e4  stm32f4xx_hal_rcc.o [10]
  .text              ro code   0x801'2a0c         4      0x7c  stm32f4xx_hal_pwr_ex.o [10]
  .text              ro code   0x801'2a88         4     0x432  stm32f4xx_hal_rtc.o [10]
  .text              ro code   0x801'2ebc         4     0x18e  stm32f4xx_ll_gpio.o [10]
  .text              ro code   0x801'304c         4     0x39c  stm32f4xx_ll_usart.o [10]
  .text              ro code   0x801'33e8         4      0x32  ABImemset48.o [17]
  .text              ro code   0x801'341c         4      0x14  exit.o [18]
  .text              ro code   0x801'3430         4      0x68  memcmp.o [17]
  .text              ro code   0x801'3498         4      0x94  stm32f4xx_hal_rcc.o [10]
  .text              ro code   0x801'352c         4      0x4c  stm32f4xx_hal.o [10]
  .text              ro code   0x801'3578         4      0x84  stm32f4xx_hal_msp.o [6]
  .text              ro code   0x801'35fc         4      0x84  stm32f4xx_ll_spi.o [10]
  .text              ro code   0x801'3680         4      0x96  ABImemmove.o [17]
  .text              ro code   0x801'3718         4      0x40  sprintf.o [15]
  .text              ro code   0x801'3758         2     0x868  usbh_core.o [14]
  .text              ro code   0x801'3fc0         4     0x7e4  File_Handling.o [6]
  .text              ro code   0x801'47a4         4     0xac2  LCD_Driver.o [6]
  .text              ro code   0x801'5268         4     0x98c  CheckConfig.o [6]
  .text              ro code   0x801'5bf4         4      0x44  init.o [9]
  .text              ro code   0x801'5c38         4     0x3d0  TCPServerRAW.o [6]
  .text              ro code   0x801'6008         2      0x2a  strstr.o [15]
  .text              ro code   0x801'6034         4     0x156  iar_Stoulx.o [15]
  .text              ro code   0x801'618c         4     0x5e6  RFM_Driver.o [6]
  .text              ro code   0x801'6774         4      0x16  math_wrappers64.o [16]
  .text              ro code   0x801'678c         4      0x44  snprintf.o [15]
  .text              ro code   0x801'67d0         2      0x1e  strcat.o [15]
  .text              ro code   0x801'67ee         2     0x1c4  LCD_Text_Scroll.o [6]
  .text              ro code   0x801'69b4         4     0x44c  MODBUS_Driver.o [6]
  .text              ro code   0x801'6e00         4     0x1c4  stm32f4xx_hal_flash_ex.o [10]
  .text              ro code   0x801'6fc4         4     0x228  stm32f4xx_hal_flash.o [10]
  .text              ro code   0x801'71ec         4     0x160  stm32f4xx_ll_rcc.o [10]
  .text              ro code   0x801'734c         4      0x7c  iarttio.o [18]
  .text              ro code   0x801'73c8         4     0x2a0  stm32f4xx_hal_rcc_ex.o [10]
  .text              ro code   0x801'7668         4     0x374  usbh_conf.o [13]
  .text              ro code   0x801'79dc         2      0xd4  usbh_pipes.o [14]
  .text              ro code   0x801'7ab0         2     0x8b8  usbh_ctlreq.o [14]
  .text              ro code   0x801'8368         4     0x13c  heap0.o [15]
  .text              ro code   0x801'84a4         2       0x4  heaptramp0.o [15]
  .text              ro code   0x801'84a8         4      0x28  stm32f4xx_ll_utils.o [10]
  .text              ro code   0x801'84d0         2      0x90  iar_Stolx.o [15]
  .text              ro code   0x801'8560         4      0x28  sscanf.o [15]
  .text              ro code   0x801'8588         2       0x2  stats.o [9]
  .text              ro code   0x801'858a         2      0x14  isspace.o [15]
  .text              ro code   0x801'859e         2      0x14  tolower.o [15]
  .text              ro code   0x801'85b4         4     0x68c  pow64.o [16]
  .text              ro code   0x801'8c40         2      0x18  strdup.o [15]
  .text              ro code   0x801'8c58         4      0x70  strncpy.o [17]
  .text              ro code   0x801'8cc8         4       0x8  XShttio.o [15]
  .text              ro code   0x801'8cd0         2    0x195c  stm32f4xx_hal_hcd.o [10]
  .text              ro code   0x801'a62c         2     0x10e  usbh_ioreq.o [14]
  .text              ro code   0x801'a73c         4      0x2c  xgetmemchunk.o [15]
  .text              ro code   0x801'a768         4     0xd78  xscanffull_nomb.o [15]
  .text              ro code   0x801'b4e0         4      0x20  DblCmpEq.o [16]
  .text              ro code   0x801'b500         4     0x348  iar_Exp64.o [16]
  .text              ro code   0x801'b848         4      0x18  strcpy.o [17]
  .text              ro code   0x801'b860         4     0xde8  stm32f4xx_ll_usb.o [10]
  .text              ro code   0x801'c648         2      0x14  isalpha.o [15]
  .text              ro code   0x801'c65c         4     0x358  strto64.o [16]
  .text              ro code   0x801'c9b4         4      0x68  DblToFlt.o [16]
  .text              ro code   0x801'ca1c         4     0x1b2  iar_Stoullx.o [15]
  .text              ro code   0x801'cbd0         4      0xa6  iar_Stollx.o [15]
  .text              ro code   0x801'cc76         2     0x122  iar_Stopfx.o [15]
  .text              ro code   0x801'cd98         4     0x1b4  iar_Stoflt.o [15]
  .text              ro code   0x801'cf4c         4     0x214  iar_Stoxflt.o [15]
  .text              ro code   0x801'd160         2     0xa46  usbh_msc.o [14]
  .text              ro code   0x801'dba8         4     0x434  usbh_msc_bot.o [14]
  .text              ro code   0x801'dfdc         2     0x4a6  usbh_msc_scsi.o [14]
  .text              ro code   0x801'e484         4     0x828  stm32f4xx_it.o [6]
  .text              ro code   0x801'ecac         4      0x18  stm32f4xx_hal.o [10]
  .rodata            const     0x801'ecc4         4     0x510  LCD_Driver.o [6]
  .rodata            const     0x801'f1d4         4     0x444  LCD_Driver.o [6]
  .rodata            const     0x801'f618         4      0x7c  init.o [9]
  .rodata            const     0x801'f698         8     0x420  pow64.o [16]
  .rodata            const     0x801'fab8         4     0x400  LCD_Driver.o [6]
  .rodata            const     0x801'feb8         4     0x1f4  ccsbcs.o [8]
  .text              ro code   0x802'00ac         4     0x170  usbh_diskio.o [11]
  .rodata            const     0x802'021c         4     0x100  ccsbcs.o [8]
  .rodata            const     0x802'031c         4      0xc0  DISPLAY_SCREEN.o [6]
  .rodata            const     0x802'03dc         4      0xbc  ccsbcs.o [8]
  .rodata            const     0x802'0498         4      0x84  ip4_frag.o [9]
  .rodata            const     0x802'051c         4      0x80  etharp.o [9]
  .rodata            const     0x802'059c         4      0x80  ethernet.o [9]
  .rodata            const     0x802'061c         4      0x80  ff.o [8]
  .rodata            const     0x802'069c         4      0x80  icmp.o [9]
  .rodata            const     0x802'071c         4      0x80  ip4.o [9]
  .rodata            const     0x802'079c         4      0x80  timeouts.o [9]
  .rodata            const     0x802'081c         4      0x7c  memp.o [9]
  .rodata            const     0x802'0898         4      0x7c  netif.o [9]
  .rodata            const     0x802'0914         4      0x7c  pbuf.o [9]
  .rodata            const     0x802'0990         4      0x7c  tcp_in.o [9]
  .rodata            const     0x802'0a0c         4      0x7c  tcp_out.o [9]
  .rodata            const     0x802'0a88         4      0x78  mem.o [9]
  .rodata            const     0x802'0b00         4      0x78  tcp.o [9]
  .rodata            const     0x802'0b78         4      0x6c  CheckConfig.o [6]
  .rodata            const     0x802'0be4         4      0x68  ethernetif.o [12]
  .rodata            const     0x802'0c4c         4      0x64  TCPServerRAW.o [6]
  .rodata            const     0x802'0cb0         4      0x58  tcp_out.o [9]
  .rodata            const     0x802'0d08         4      0x50  iar_Stoulx.o [15]
  .rodata            const     0x802'0d58         4      0x50  iar_Stoullx.o [15]
  .rodata            const     0x802'0da8         4      0x48  File_Handling.o [6]
  .rodata            const     0x802'0df0         8      0x48  strto64.o [16]
  .rodata            const     0x802'0e38         4      0x44  etharp.o [9]
  .rodata            const     0x802'0e7c         4      0x44  init.o [9]
  .text              ro code   0x802'0ec0         4      0x44  putchar.o [15]
  .text              ro code   0x802'0f04         2      0x10  write.o [18]
  .text              ro code   0x802'0f14         2      0x1e  dwrite.o [18]
  .text              ro code   0x802'0f32         2      0x20  iarwstd.o [18]
  .text              ro code   0x802'0f52         2      0x22  iarwrite.o [18]
  .rodata            const     0x802'0f74         4      0x40  etharp.o [9]
  .rodata            const     0x802'0fb4         4      0x40  File_Handling.o [6]
  .rodata            const     0x802'0ff4         4      0x40  tcp_out.o [9]
  .rodata            const     0x802'1034         4      0x40  timeouts.o [9]
  .rodata            const     0x802'1074         4      0x3c  Msic_Function.o [6]
  .rodata            const     0x802'10b0         4      0x3c  tcp_in.o [9]
  .rodata            const     0x802'10ec         4      0x3c  tcp_out.o [9]
  .rodata            const     0x802'1128         4      0x3c  tcp_out.o [9]
  .rodata            const     0x802'1164         4      0x38  File_Handling.o [6]
  .rodata            const     0x802'119c         4      0x38  File_Handling.o [6]
  .rodata            const     0x802'11d4         4      0x38  icmp.o [9]
  .rodata            const     0x802'120c         4      0x38  ip4_frag.o [9]
  .rodata            const     0x802'1244         4      0x38  pbuf.o [9]
  .rodata            const     0x802'127c         4      0x38  RFM_Driver.o [6]
  .rodata            const     0x802'12b4         4      0x38  tcp.o [9]
  .rodata            const     0x802'12ec         4      0x38  tcp.o [9]
  .rodata            const     0x802'1324         4      0x38  tcp_in.o [9]
  .rodata            const     0x802'135c         4      0x38  tcp_out.o [9]
  .rodata            const     0x802'1394         4      0x38  tcp_out.o [9]
  .rodata            const     0x802'13cc         4      0x38  timeouts.o [9]
  .text              ro code   0x802'1404         2      0x38  zero_init3.o [17]
  .rodata            const     0x802'143c         4      0x34  etharp.o [9]
  .rodata            const     0x802'1470         4      0x34  ethernet.o [9]
  .rodata            const     0x802'14a4         4      0x34  File_Handling.o [6]
  .rodata            const     0x802'14d8         4      0x34  icmp.o [9]
  .rodata            const     0x802'150c         4      0x34  mem.o [9]
  .rodata            const     0x802'1540         4      0x34  pbuf.o [9]
  .rodata            const     0x802'1574         4      0x34  tcp.o [9]
  .rodata            const     0x802'15a8         4      0x34  tcp.o [9]
  .rodata            const     0x802'15dc         4      0x34  tcp.o [9]
  .rodata            const     0x802'1610         4      0x34  tcp_out.o [9]
  .rodata            const     0x802'1644         4      0x34  tcp_out.o [9]
  .rodata            const     0x802'1678         4      0x30  etharp.o [9]
  .rodata            const     0x802'16a8         4      0x30  File_Handling.o [6]
  .rodata            const     0x802'16d8         4      0x30  File_Handling.o [6]
  .rodata            const     0x802'1708         4      0x30  File_Handling.o [6]
  .rodata            const     0x802'1738         4      0x30  ip4.o [9]
  .rodata            const     0x802'1768         4      0x30  mem.o [9]
  .rodata            const     0x802'1798         4      0x30  mem.o [9]
  .rodata            const     0x802'17c8         4      0x30  netif.o [9]
  .rodata            const     0x802'17f8         4      0x30  pbuf.o [9]
  .rodata            const     0x802'1828         4      0x30  pbuf.o [9]
  .rodata            const     0x802'1858         4      0x30  pbuf.o [9]
  .rodata            const     0x802'1888         4      0x30  RFM_Driver.o [6]
  .rodata            const     0x802'18b8         4      0x30  tcp.o [9]
  .rodata            const     0x802'18e8         4      0x30  tcp.o [9]
  .rodata            const     0x802'1918         4      0x30  tcp.o [9]
  .rodata            const     0x802'1948         4      0x30  tcp_in.o [9]
  .rodata            const     0x802'1978         4      0x30  tcp_out.o [9]
  .rodata            const     0x802'19a8         4      0x30  tcp_out.o [9]
  .rodata            const     0x802'19d8         4      0x2c  CheckConfig.o [6]
  .rodata            const     0x802'1a04         4      0x2c  etharp.o [9]
  .rodata            const     0x802'1a30         4      0x2c  File_Handling.o [6]
  .rodata            const     0x802'1a5c         4      0x2c  File_Handling.o [6]
  .rodata            const     0x802'1a88         4      0x2c  icmp.o [9]
  .rodata            const     0x802'1ab4         4      0x2c  mem.o [9]
  .rodata            const     0x802'1ae0         4      0x2c  pbuf.o [9]
  .rodata            const     0x802'1b0c         4      0x2c  pbuf.o [9]
  .rodata            const     0x802'1b38         4      0x2c  tcp.o [9]
  .rodata            const     0x802'1b64         4      0x2c  tcp.o [9]
  .rodata            const     0x802'1b90         4      0x2c  tcp.o [9]
  .rodata            const     0x802'1bbc         4      0x2c  tcp.o [9]
  .rodata            const     0x802'1be8         4      0x2c  tcp_in.o [9]
  .rodata            const     0x802'1c14         4      0x2c  tcp_in.o [9]
  .rodata            const     0x802'1c40         4      0x2c  tcp_in.o [9]
  .rodata            const     0x802'1c6c         4      0x2c  tcp_out.o [9]
  .rodata            const     0x802'1c98         4      0x2c  tcp_out.o [9]
  .rodata            const     0x802'1cc4         4      0x2c  tcp_out.o [9]
  .text              ro code   0x802'1cf0         4      0x2a  data_init.o [17]
  .rodata            const     0x802'1d1c         4      0x28  CheckConfig.o [6]
  .rodata            const     0x802'1d44         4      0x28  CheckConfig.o [6]
  .rodata            const     0x802'1d6c         4      0x28  etharp.o [9]
  .rodata            const     0x802'1d94         4      0x28  etharp.o [9]
  .rodata            const     0x802'1dbc         4      0x28  ethernet.o [9]
  .rodata            const     0x802'1de4         4      0x28  ethernetif.o [12]
  .rodata            const     0x802'1e0c         4      0x28  File_Handling.o [6]
  .rodata            const     0x802'1e34         4      0x28  File_Handling.o [6]
  .rodata            const     0x802'1e5c         4      0x28  File_Handling.o [6]
  .rodata            const     0x802'1e84         4      0x28  File_Handling.o [6]
  .rodata            const     0x802'1eac         4      0x28  File_Handling.o [6]
  .rodata            const     0x802'1ed4         4      0x28  File_Handling.o [6]
  .rodata            const     0x802'1efc         4      0x28  File_Handling.o [6]
  .rodata            const     0x802'1f24         4      0x28  icmp.o [9]
  .rodata            const     0x802'1f4c         4      0x28  init.o [9]
  .rodata            const     0x802'1f74         4      0x28  ip4.o [9]
  .rodata            const     0x802'1f9c         4      0x28  ip4_frag.o [9]
  .rodata            const     0x802'1fc4         4      0x28  mem.o [9]
  .rodata            const     0x802'1fec         4      0x28  mem.o [9]
  .rodata            const     0x802'2014         4      0x28  memp.o [9]
  .rodata            const     0x802'203c         4      0x28  netif.o [9]
  .rodata            const     0x802'2064         4      0x28  pbuf.o [9]
  .rodata            const     0x802'208c         4      0x28  tcp.o [9]
  .rodata            const     0x802'20b4         4      0x28  tcp.o [9]
  .rodata            const     0x802'20dc         4      0x28  tcp.o [9]
  .rodata            const     0x802'2104         4      0x28  tcp.o [9]
  .rodata            const     0x802'212c         4      0x28  tcp.o [9]
  .rodata            const     0x802'2154         4      0x28  tcp.o [9]
  .rodata            const     0x802'217c         4      0x28  tcp.o [9]
  .rodata            const     0x802'21a4         4      0x28  tcp.o [9]
  .rodata            const     0x802'21cc         4      0x28  tcp.o [9]
  .rodata            const     0x802'21f4         4      0x28  tcp.o [9]
  .rodata            const     0x802'221c         4      0x28  tcp.o [9]
  .rodata            const     0x802'2244         4      0x28  tcp_in.o [9]
  .rodata            const     0x802'226c         4      0x28  tcp_in.o [9]
  .rodata            const     0x802'2294         4      0x28  tcp_in.o [9]
  .rodata            const     0x802'22bc         4      0x28  tcp_in.o [9]
  .rodata            const     0x802'22e4         4      0x28  tcp_in.o [9]
  .rodata            const     0x802'230c         4      0x28  tcp_in.o [9]
  .rodata            const     0x802'2334         4      0x28  tcp_in.o [9]
  .rodata            const     0x802'235c         4      0x28  tcp_out.o [9]
  .rodata            const     0x802'2384         4      0x28  tcp_out.o [9]
  .rodata            const     0x802'23ac         4      0x28  tcp_out.o [9]
  .rodata            const     0x802'23d4         4      0x28  tcp_out.o [9]
  .rodata            const     0x802'23fc         4      0x28  tcp_out.o [9]
  .rodata            const     0x802'2424         4      0x28  tcp_out.o [9]
  .rodata            const     0x802'244c         4      0x28  TCPServerRAW.o [6]
  .rodata            const     0x802'2474         4      0x28  timeouts.o [9]
  .rodata            const     0x802'249c         4      0x28  xscanffull_nomb.o [15]
  .rodata            const     0x802'24c4         4      0x24  CheckConfig.o [6]
  .rodata            const     0x802'24e8         4      0x24  etharp.o [9]
  .rodata            const     0x802'250c         4      0x24  File_Handling.o [6]
  .rodata            const     0x802'2530         4      0x24  File_Handling.o [6]
  .rodata            const     0x802'2554         4      0x24  ip4_frag.o [9]
  .rodata            const     0x802'2578         4      0x24  ip4_frag.o [9]
  .rodata            const     0x802'259c         4      0x24  mem.o [9]
  .rodata            const     0x802'25c0         4      0x24  mem.o [9]
  .rodata            const     0x802'25e4         4      0x24  memp.o [9]
  .rodata            const     0x802'2608         4      0x24  netif.o [9]
  .rodata            const     0x802'262c         4      0x24  netif.o [9]
  .rodata            const     0x802'2650         4      0x24  netif.o [9]
  .rodata            const     0x802'2674         4      0x24  netif.o [9]
  .rodata            const     0x802'2698         4      0x24  pbuf.o [9]
  .rodata            const     0x802'26bc         4      0x24  pbuf.o [9]
  .rodata            const     0x802'26e0         4      0x24  tcp.o [9]
  .rodata            const     0x802'2704         4      0x24  tcp_out.o [9]
  .rodata            const     0x802'2728         4      0x24  tcp_out.o [9]
  .rodata            const     0x802'274c         4      0x24  tcp_out.o [9]
  .rodata            const     0x802'2770         4      0x24  tcp_out.o [9]
  .rodata            const     0x802'2794         4      0x24  tcp_out.o [9]
  .rodata            const     0x802'27b8         4      0x24  tcp_out.o [9]
  .rodata            const     0x802'27dc         4      0x24  tcp_out.o [9]
  .rodata            const     0x802'2800         4      0x24  tcp_out.o [9]
  .rodata            const     0x802'2824         4      0x24  TCPServerRAW.o [6]
  .rodata            const     0x802'2848         4      0x24  xscanffull_nomb.o [15]
  .text              ro code   0x802'286c         4      0x22  fpinit_M.o [16]
  .iar.init_table    const     0x802'2890         4      0x20  - Linker created -
  .rodata            const     0x802'28b0         4      0x20  CheckConfig.o [6]
  .rodata            const     0x802'28d0         4      0x20  CheckConfig.o [6]
  .rodata            const     0x802'28f0         4      0x20  File_Handling.o [6]
  .rodata            const     0x802'2910         4      0x20  File_Handling.o [6]
  .rodata            const     0x802'2930         4      0x20  File_Handling.o [6]
  .rodata            const     0x802'2950         4      0x20  File_Handling.o [6]
  .rodata            const     0x802'2970         4      0x20  ip4_frag.o [9]
  .rodata            const     0x802'2990         4      0x20  ip4_frag.o [9]
  .rodata            const     0x802'29b0         4      0x20  ip4_frag.o [9]
  .rodata            const     0x802'29d0         4      0x20  ip4_frag.o [9]
  .rodata            const     0x802'29f0         4      0x20  mem.o [9]
  .rodata            const     0x802'2a10         4      0x20  memp.o [9]
  .rodata            const     0x802'2a30         4      0x20  memp.o [9]
  .rodata            const     0x802'2a50         4      0x20  memp.o [9]
  .rodata            const     0x802'2a70         4      0x20  netif.o [9]
  .rodata            const     0x802'2a90         4      0x20  pbuf.o [9]
  .rodata            const     0x802'2ab0         4      0x20  pbuf.o [9]
  .rodata            const     0x802'2ad0         4      0x20  tcp.o [9]
  .rodata            const     0x802'2af0         4      0x20  tcp.o [9]
  .rodata            const     0x802'2b10         4      0x20  tcp.o [9]
  .rodata            const     0x802'2b30         4      0x20  tcp.o [9]
  .rodata            const     0x802'2b50         4      0x20  tcp_in.o [9]
  .rodata            const     0x802'2b70         4      0x20  tcp_in.o [9]
  .rodata            const     0x802'2b90         4      0x20  tcp_in.o [9]
  .rodata            const     0x802'2bb0         4      0x20  tcp_in.o [9]
  .rodata            const     0x802'2bd0         4      0x20  tcp_in.o [9]
  .rodata            const     0x802'2bf0         4      0x20  tcp_in.o [9]
  .rodata            const     0x802'2c10         4      0x20  tcp_in.o [9]
  .rodata            const     0x802'2c30         4      0x20  tcp_out.o [9]
  .rodata            const     0x802'2c50         4      0x20  tcp_out.o [9]
  .rodata            const     0x802'2c70         4      0x20  tcp_out.o [9]
  .rodata            const     0x802'2c90         4      0x20  tcp_out.o [9]
  .rodata            const     0x802'2cb0         4      0x20  tcp_out.o [9]
  .rodata            const     0x802'2cd0         4      0x20  tcp_out.o [9]
  .rodata            const     0x802'2cf0         4      0x20  tcp_out.o [9]
  .rodata            const     0x802'2d10         4      0x20  tcp_out.o [9]
  .rodata            const     0x802'2d30         4      0x20  tcp_out.o [9]
  .rodata            const     0x802'2d50         4      0x20  tcp_out.o [9]
  .rodata            const     0x802'2d70         4      0x20  tcp_out.o [9]
  .text              ro code   0x802'2d90         4      0x1e  cmain.o [17]
  .text              ro code   0x802'2dae         2       0x4  low_level_init.o [15]
  .text              ro code   0x802'2db2         2       0x4  exit.o [15]
  .text              ro code   0x802'2db8         4       0xa  cexit.o [17]
  .rodata            const     0x802'2dc4         4      0x1c  CheckConfig.o [6]
  .rodata            const     0x802'2de0         4      0x1c  CheckConfig.o [6]
  .rodata            const     0x802'2dfc         4      0x1c  CheckConfig.o [6]
  .rodata            const     0x802'2e18         4      0x1c  CheckConfig.o [6]
  .rodata            const     0x802'2e34         4      0x1c  CheckConfig.o [6]
  .rodata            const     0x802'2e50         4      0x1c  CheckConfig.o [6]
  .rodata            const     0x802'2e6c         4      0x1c  CheckConfig.o [6]
  .rodata            const     0x802'2e88         4      0x1c  DISPLAY_SCREEN.o [6]
  .rodata            const     0x802'2ea4         4      0x1c  DISPLAY_SCREEN.o [6]
  .rodata            const     0x802'2ec0         4      0x1c  etharp.o [9]
  .rodata            const     0x802'2edc         4      0x1c  File_Handling.o [6]
  .rodata            const     0x802'2ef8         4      0x1c  File_Handling.o [6]
  .rodata            const     0x802'2f14         4      0x1c  File_Handling.o [6]
  .rodata            const     0x802'2f30         4      0x1c  ip4_frag.o [9]
  .rodata            const     0x802'2f4c         4      0x1c  ip4_frag.o [9]
  .rodata            const     0x802'2f68         4      0x1c  ip4_frag.o [9]
  .rodata            const     0x802'2f84         4      0x1c  mem.o [9]
  .rodata            const     0x802'2fa0         4      0x1c  mem.o [9]
  .rodata            const     0x802'2fbc         4      0x1c  mem.o [9]
  .rodata            const     0x802'2fd8         4      0x1c  mem.o [9]
  .rodata            const     0x802'2ff4         4      0x1c  memp.o [9]
  .rodata            const     0x802'3010         4      0x1c  Msic_Function.o [6]
  .rodata            const     0x802'302c         4      0x1c  netif.o [9]
  .rodata            const     0x802'3048         4      0x1c  netif.o [9]
  .rodata            const     0x802'3064         4      0x1c  pbuf.o [9]
  .rodata            const     0x802'3080         4      0x1c  pbuf.o [9]
  .rodata            const     0x802'309c         4      0x1c  pbuf.o [9]
  .rodata            const     0x802'30b8         4      0x1c  Slave_Read_Write.o [6]
  .rodata            const     0x802'30d4         4      0x1c  SPI_Flash_Driver.o [6]
  .rodata            const     0x802'30f0         4      0x1c  tcp.o [9]
  .rodata            const     0x802'310c         4      0x1c  tcp.o [9]
  .rodata            const     0x802'3128         4      0x1c  tcp.o [9]
  .rodata            const     0x802'3144         4      0x1c  tcp.o [9]
  .rodata            const     0x802'3160         4      0x1c  tcp.o [9]
  .rodata            const     0x802'317c         4      0x1c  tcp.o [9]
  .rodata            const     0x802'3198         4      0x1c  tcp.o [9]
  .rodata            const     0x802'31b4         4      0x1c  tcp.o [9]
  .rodata            const     0x802'31d0         4      0x1c  tcp.o [9]
  .rodata            const     0x802'31ec         4      0x1c  tcp.o [9]
  .rodata            const     0x802'3208         4      0x1c  tcp.o [9]
  .rodata            const     0x802'3224         4      0x1c  tcp_in.o [9]
  .rodata            const     0x802'3240         4      0x1c  tcp_in.o [9]
  .rodata            const     0x802'325c         4      0x1c  tcp_in.o [9]
  .rodata            const     0x802'3278         4      0x1c  tcp_in.o [9]
  .rodata            const     0x802'3294         4      0x1c  tcp_in.o [9]
  .rodata            const     0x802'32b0         4      0x1c  tcp_out.o [9]
  .rodata            const     0x802'32cc         4      0x1c  tcp_out.o [9]
  .rodata            const     0x802'32e8         4      0x1c  tcp_out.o [9]
  .rodata            const     0x802'3304         4      0x1c  tcp_out.o [9]
  .rodata            const     0x802'3320         4      0x1c  tcp_out.o [9]
  .text              ro code   0x802'333c         4      0x1c  cstartup_M.o [17]
  .rodata            const     0x802'3358         4      0x18  CheckConfig.o [6]
  .rodata            const     0x802'3370         4      0x18  CheckConfig.o [6]
  .rodata            const     0x802'3388         4      0x18  CheckConfig.o [6]
  .rodata            const     0x802'33a0         4      0x18  CheckConfig.o [6]
  .rodata            const     0x802'33b8         4      0x18  CheckConfig.o [6]
  .rodata            const     0x802'33d0         4      0x18  CheckConfig.o [6]
  .rodata            const     0x802'33e8         4      0x18  CheckConfig.o [6]
  .rodata            const     0x802'3400         4      0x18  CheckConfig.o [6]
  .rodata            const     0x802'3418         4      0x18  CheckConfig.o [6]
  .rodata            const     0x802'3430         4      0x18  DISPLAY_SCREEN.o [6]
  .rodata            const     0x802'3448         4      0x18  DISPLAY_SCREEN.o [6]
  .rodata            const     0x802'3460         4      0x18  DISPLAY_SCREEN.o [6]
  .rodata            const     0x802'3478         4      0x18  DISPLAY_SCREEN.o [6]
  .rodata            const     0x802'3490         4      0x18  DISPLAY_SCREEN.o [6]
  .rodata            const     0x802'34a8         4      0x18  DISPLAY_SCREEN.o [6]
  .rodata            const     0x802'34c0         4      0x18  DISPLAY_SCREEN.o [6]
  .rodata            const     0x802'34d8         4      0x18  DISPLAY_SCREEN.o [6]
  .rodata            const     0x802'34f0         4      0x18  DISPLAY_SCREEN.o [6]
  .rodata            const     0x802'3508         4      0x18  DISPLAY_SCREEN.o [6]
  .rodata            const     0x802'3520         4      0x18  DISPLAY_SCREEN.o [6]
  .rodata            const     0x802'3538         4      0x18  DISPLAY_SCREEN.o [6]
  .rodata            const     0x802'3550         4      0x18  DISPLAY_SCREEN.o [6]
  .rodata            const     0x802'3568         4      0x18  DISPLAY_SCREEN.o [6]
  .rodata            const     0x802'3580         4      0x18  DISPLAY_SCREEN.o [6]
  .rodata            const     0x802'3598         4      0x18  etharp.o [9]
  .rodata            const     0x802'35b0         4      0x18  File_Handling.o [6]
  .rodata            const     0x802'35c8         4      0x18  File_Handling.o [6]
  .rodata            const     0x802'35e0         4      0x18  mem.o [9]
  .rodata            const     0x802'35f8         4      0x18  mem.o [9]
  .rodata            const     0x802'3610         4      0x18  Msic_Function.o [6]
  .rodata            const     0x802'3628         4      0x18  pbuf.o [9]
  .rodata            const     0x802'3640         4      0x18  pbuf.o [9]
  .rodata            const     0x802'3658         4      0x18  pbuf.o [9]
  .rodata            const     0x802'3670         4      0x18  pbuf.o [9]
  .rodata            const     0x802'3688         4      0x18  tcp.o [9]
  .rodata            const     0x802'36a0         4      0x18  tcp.o [9]
  .rodata            const     0x802'36b8         4      0x18  tcp.o [9]
  .rodata            const     0x802'36d0         4      0x18  tcp.o [9]
  .rodata            const     0x802'36e8         4      0x18  tcp.o [9]
  .rodata            const     0x802'3700         4      0x18  tcp.o [9]
  .rodata            const     0x802'3718         4      0x18  tcp.o [9]
  .rodata            const     0x802'3730         4      0x18  tcp_in.o [9]
  .rodata            const     0x802'3748         4      0x18  tcp_in.o [9]
  .rodata            const     0x802'3760         4      0x18  tcp_out.o [9]
  .rodata            const     0x802'3778         4      0x18  tcp_out.o [9]
  .rodata            const     0x802'3790         4      0x18  tcp_out.o [9]
  .rodata            const     0x802'37a8         4      0x18  tcp_out.o [9]
  .rodata            const     0x802'37c0         4      0x18  tcp_out.o [9]
  .rodata            const     0x802'37d8         4      0x18  tcp_out.o [9]
  .rodata            const     0x802'37f0         4      0x18  tcp_out.o [9]
  .rodata            const     0x802'3808         4      0x18  timeouts.o [9]
  .text              ro code   0x802'3820         2      0x16  xprout.o [15]
  .rodata            const     0x802'3838         4      0x14  CheckConfig.o [6]
  .rodata            const     0x802'384c         4      0x14  CheckConfig.o [6]
  .rodata            const     0x802'3860         4      0x14  CheckConfig.o [6]
  .rodata            const     0x802'3874         4      0x14  CheckConfig.o [6]
  .rodata            const     0x802'3888         4      0x14  CheckConfig.o [6]
  .rodata            const     0x802'389c         4      0x14  DISPLAY_SCREEN.o [6]
  .rodata            const     0x802'38b0         4      0x14  DISPLAY_SCREEN.o [6]
  .rodata            const     0x802'38c4         4      0x14  DISPLAY_SCREEN.o [6]
  .rodata            const     0x802'38d8         4      0x14  DISPLAY_SCREEN.o [6]
  .rodata            const     0x802'38ec         4      0x14  DISPLAY_SCREEN.o [6]
  .rodata            const     0x802'3900         4      0x14  DISPLAY_SCREEN.o [6]
  .rodata            const     0x802'3914         4      0x14  DISPLAY_SCREEN.o [6]
  .rodata            const     0x802'3928         4      0x14  DISPLAY_SCREEN.o [6]
  .rodata            const     0x802'393c         4      0x14  DISPLAY_SCREEN.o [6]
  .rodata            const     0x802'3950         4      0x14  DISPLAY_SCREEN.o [6]
  .rodata            const     0x802'3964         4      0x14  DISPLAY_SCREEN.o [6]
  .rodata            const     0x802'3978         4      0x14  DISPLAY_SCREEN.o [6]
  .rodata            const     0x802'398c         4      0x14  DISPLAY_SCREEN.o [6]
  .rodata            const     0x802'39a0         4      0x14  DISPLAY_SCREEN.o [6]
  .rodata            const     0x802'39b4         4      0x14  DISPLAY_SCREEN.o [6]
  .rodata            const     0x802'39c8         4      0x14  DISPLAY_SCREEN.o [6]
  .rodata            const     0x802'39dc         4      0x14  DISPLAY_SCREEN.o [6]
  .rodata            const     0x802'39f0         4      0x14  DISPLAY_SCREEN.o [6]
  .rodata            const     0x802'3a04         4      0x14  DISPLAY_SCREEN.o [6]
  .rodata            const     0x802'3a18         4      0x14  DISPLAY_SCREEN.o [6]
  .rodata            const     0x802'3a2c         4      0x14  DISPLAY_SCREEN.o [6]
  .rodata            const     0x802'3a40         4      0x14  DISPLAY_SCREEN.o [6]
  .rodata            const     0x802'3a54         4      0x14  DISPLAY_SCREEN.o [6]
  .rodata            const     0x802'3a68         4      0x14  DISPLAY_SCREEN.o [6]
  .rodata            const     0x802'3a7c         4      0x14  DISPLAY_SCREEN.o [6]
  .rodata            const     0x802'3a90         4      0x14  DISPLAY_SCREEN.o [6]
  .rodata            const     0x802'3aa4         4      0x14  DISPLAY_SCREEN.o [6]
  .rodata            const     0x802'3ab8         4      0x14  DISPLAY_SCREEN.o [6]
  .rodata            const     0x802'3acc         4      0x14  DISPLAY_SCREEN.o [6]
  .rodata            const     0x802'3ae0         4      0x14  DISPLAY_SCREEN.o [6]
  .rodata            const     0x802'3af4         4      0x14  DISPLAY_SCREEN.o [6]
  .rodata            const     0x802'3b08         4      0x14  etharp.o [9]
  .rodata            const     0x802'3b1c         4      0x14  ip4_frag.o [9]
  .rodata            const     0x802'3b30         4      0x14  mem.o [9]
  .rodata            const     0x802'3b44         4      0x14  memp.o [9]
  .rodata            const     0x802'3b58         4      0x14  Msic_Function.o [6]
  .rodata            const     0x802'3b6c         4      0x14  netif.o [9]
  .rodata            const     0x802'3b80         4      0x14  pbuf.o [9]
  .rodata            const     0x802'3b94         4      0x14  pbuf.o [9]
  .rodata            const     0x802'3ba8         4      0x14  pbuf.o [9]
  .rodata            const     0x802'3bbc         4      0x14  pbuf.o [9]
  .rodata            const     0x802'3bd0         4      0x14  stm32f4xx_it.o [6]
  .rodata            const     0x802'3be4         4      0x14  stm32f4xx_it.o [6]
  .rodata            const     0x802'3bf8         4      0x14  stm32f4xx_it.o [6]
  .rodata            const     0x802'3c0c         4      0x14  stm32f4xx_it.o [6]
  .rodata            const     0x802'3c20         4      0x14  tcp.o [9]
  .rodata            const     0x802'3c34         4      0x14  tcp_in.o [9]
  .rodata            const     0x802'3c48         4      0x14  tcp_out.o [9]
  .rodata            const     0x802'3c5c         4      0x14  tcp_out.o [9]
  .rodata            const     0x802'3c70         4      0x14  tcp_out.o [9]
  .rodata            const     0x802'3c84         4      0x14  usb_host.o [3]
  .rodata            const     0x802'3c98         4      0x14  usbh_diskio.o [11]
  .rodata            const     0x802'3cac         4      0x10  CheckConfig.o [6]
  .rodata            const     0x802'3cbc         4      0x10  CheckConfig.o [6]
  .rodata            const     0x802'3ccc         4      0x10  CheckConfig.o [6]
  .rodata            const     0x802'3cdc         4      0x10  DISPLAY_SCREEN.o [6]
  .rodata            const     0x802'3cec         4      0x10  DISPLAY_SCREEN.o [6]
  .rodata            const     0x802'3cfc         4      0x10  DISPLAY_SCREEN.o [6]
  .rodata            const     0x802'3d0c         4      0x10  DISPLAY_SCREEN.o [6]
  .rodata            const     0x802'3d1c         4      0x10  DISPLAY_SCREEN.o [6]
  .rodata            const     0x802'3d2c         4      0x10  DISPLAY_SCREEN.o [6]
  .rodata            const     0x802'3d3c         4      0x10  DISPLAY_SCREEN.o [6]
  .rodata            const     0x802'3d4c         4      0x10  DISPLAY_SCREEN.o [6]
  .rodata            const     0x802'3d5c         4      0x10  DISPLAY_SCREEN.o [6]
  .rodata            const     0x802'3d6c         4      0x10  DISPLAY_SCREEN.o [6]
  .rodata            const     0x802'3d7c         4      0x10  DISPLAY_SCREEN.o [6]
  .rodata            const     0x802'3d8c         4      0x10  DISPLAY_SCREEN.o [6]
  .rodata            const     0x802'3d9c         4      0x10  DISPLAY_SCREEN.o [6]
  .rodata            const     0x802'3dac         4      0x10  DISPLAY_SCREEN.o [6]
  .rodata            const     0x802'3dbc         4      0x10  DISPLAY_SCREEN.o [6]
  .rodata            const     0x802'3dcc         4      0x10  DISPLAY_SCREEN.o [6]
  .rodata            const     0x802'3ddc         4      0x10  DISPLAY_SCREEN.o [6]
  .rodata            const     0x802'3dec         4      0x10  DISPLAY_SCREEN.o [6]
  .rodata            const     0x802'3dfc         4      0x10  DISPLAY_SCREEN.o [6]
  .rodata            const     0x802'3e0c         4      0x10  etharp.o [9]
  .rodata            const     0x802'3e1c         4      0x10  etharp.o [9]
  .rodata            const     0x802'3e2c         4      0x10  etharp.o [9]
  .rodata            const     0x802'3e3c         4      0x10  ethernetif.o [12]
  .rodata            const     0x802'3e4c         4      0x10  ethernetif.o [12]
  .rodata            const     0x802'3e5c         4      0x10  ff.o [8]
  .rodata            const     0x802'3e6c         4      0x10  ip4_frag.o [9]
  .rodata            const     0x802'3e7c         4      0x10  ip4_frag.o [9]
  .rodata            const     0x802'3e8c         4      0x10  memp.o [9]
  .rodata            const     0x802'3e9c         4      0x10  memp.o [9]
  .rodata            const     0x802'3eac         4      0x10  memp.o [9]
  .rodata            const     0x802'3ebc         4      0x10  memp.o [9]
  .rodata            const     0x802'3ecc         4      0x10  memp.o [9]
  .rodata            const     0x802'3edc         4      0x10  memp.o [9]
  .rodata            const     0x802'3eec         4      0x10  memp.o [9]
  .rodata            const     0x802'3efc         4      0x10  memp.o [9]
  .rodata            const     0x802'3f0c         4      0x10  Msic_Function.o [6]
  .rodata            const     0x802'3f1c         4      0x10  netif.o [9]
  .rodata            const     0x802'3f2c         4      0x10  pbuf.o [9]
  .rodata            const     0x802'3f3c         4      0x10  pbuf.o [9]
  .rodata            const     0x802'3f4c         4      0x10  stm32f4xx_it.o [6]
  .rodata            const     0x802'3f5c         4      0x10  stm32f4xx_it.o [6]
  .rodata            const     0x802'3f6c         4      0x10  system_stm32f4xx.o [4]
  .rodata            const     0x802'3f7c         4      0x10  tcp.o [9]
  .rodata            const     0x802'3f8c         4      0x10  tcp.o [9]
  .rodata            const     0x802'3f9c         4      0x10  tcp.o [9]
  .rodata            const     0x802'3fac         4      0x10  tcp_in.o [9]
  .rodata            const     0x802'3fbc         4      0x10  tcp_in.o [9]
  .rodata            const     0x802'3fcc         4      0x10  tcp_in.o [9]
  .rodata            const     0x802'3fdc         4      0x10  tcp_in.o [9]
  .rodata            const     0x802'3fec         4      0x10  tcp_out.o [9]
  .rodata            const     0x802'3ffc         4      0x10  tcp_out.o [9]
  .rodata            const     0x802'400c         4      0x10  tcp_out.o [9]
  .rodata            const     0x802'401c         4      0x10  usb_host.o [3]
  .rodata            const     0x802'402c         4      0x10  usb_host.o [3]
  .text              ro code   0x802'403c         4      0x10  startup_stm32f429xx.o [7]
  .text              ro code   0x802'404c         4      0x10  system_stm32f4xx.o [4]
  .rodata            const     0x802'405c         4       0xc  App_InIt.o [6]
  .rodata            const     0x802'4068         4       0xc  CheckConfig.o [6]
  .rodata            const     0x802'4074         4       0xc  CheckConfig.o [6]
  .rodata            const     0x802'4080         4       0xc  CheckConfig.o [6]
  .rodata            const     0x802'408c         4       0xc  CheckConfig.o [6]
  .rodata            const     0x802'4098         4       0xc  CheckConfig.o [6]
  .rodata            const     0x802'40a4         4       0xc  CheckConfig.o [6]
  .rodata            const     0x802'40b0         4       0xc  CheckConfig.o [6]
  .rodata            const     0x802'40bc         4       0xc  DISPLAY_SCREEN.o [6]
  .rodata            const     0x802'40c8         4       0xc  DISPLAY_SCREEN.o [6]
  .rodata            const     0x802'40d4         4       0xc  DISPLAY_SCREEN.o [6]
  .rodata            const     0x802'40e0         4       0xc  etharp.o [9]
  .rodata            const     0x802'40ec         4       0xc  ff.o [8]
  .rodata            const     0x802'40f8         4       0xc  ff.o [8]
  .rodata            const     0x802'4104         4       0xc  File_Handling.o [6]
  .rodata            const     0x802'4110         4       0xc  ip4.o [9]
  .rodata            const     0x802'411c         4       0xc  ip4_frag.o [9]
  .rodata            const     0x802'4128         4       0xc  ip4_frag.o [9]
  .rodata            const     0x802'4134         4       0xc  ip4_frag.o [9]
  .rodata            const     0x802'4140         4       0xc  ip4_frag.o [9]
  .rodata            const     0x802'414c         4       0xc  ip4_frag.o [9]
  .rodata            const     0x802'4158         4       0xc  pbuf.o [9]
  .rodata            const     0x802'4164         4       0xc  RFM_Driver.o [6]
  .rodata            const     0x802'4170         4       0xc  RFM_Driver.o [6]
  .rodata            const     0x802'417c         4       0xc  RFM_Driver.o [6]
  .rodata            const     0x802'4188         4       0xc  SPI_Flash_Driver.o [6]
  .rodata            const     0x802'4194         4       0xc  tcp.o [9]
  .rodata            const     0x802'41a0         4       0xc  tcp_in.o [9]
  .rodata            const     0x802'41ac         4       0xc  tcp_out.o [9]
  .rodata            const     0x802'41b8         4       0xc  TCPServerRAW.o [6]
  .rodata            const     0x802'41c4         4       0xc  usb_host.o [3]
  .rodata            const     0x802'41d0         4       0xc  usb_host.o [3]
  .rodata            const     0x802'41dc         4       0x8  CheckConfig.o [6]
  .rodata            const     0x802'41e4         4       0x8  CheckConfig.o [6]
  .rodata            const     0x802'41ec         4       0x8  CheckConfig.o [6]
  .rodata            const     0x802'41f4         4       0x8  CheckConfig.o [6]
  .rodata            const     0x802'41fc         4       0x8  CheckConfig.o [6]
  .rodata            const     0x802'4204         4       0x8  CheckConfig.o [6]
  .rodata            const     0x802'420c         4       0x8  CheckConfig.o [6]
  .rodata            const     0x802'4214         4       0x8  CheckConfig.o [6]
  .rodata            const     0x802'421c         4       0x8  CheckConfig.o [6]
  .rodata            const     0x802'4224         4       0x8  CheckConfig.o [6]
  .rodata            const     0x802'422c         4       0x8  CheckConfig.o [6]
  .rodata            const     0x802'4234         4       0x8  CheckConfig.o [6]
  .rodata            const     0x802'423c         4       0x8  CheckConfig.o [6]
  .rodata            const     0x802'4244         4       0x8  CheckConfig.o [6]
  .rodata            const     0x802'424c         4       0x8  CheckConfig.o [6]
  .rodata            const     0x802'4254         4       0x8  CheckConfig.o [6]
  .rodata            const     0x802'425c         4       0x8  CheckConfig.o [6]
  .rodata            const     0x802'4264         4       0x8  CheckConfig.o [6]
  .rodata            const     0x802'426c         4       0x8  CheckConfig.o [6]
  .rodata            const     0x802'4274         4       0x8  CheckConfig.o [6]
  .rodata            const     0x802'427c         4       0x8  CheckConfig.o [6]
  .rodata            const     0x802'4284         4       0x8  CheckConfig.o [6]
  .rodata            const     0x802'428c         4       0x8  DISPLAY_SCREEN.o [6]
  .rodata            const     0x802'4294         4       0x8  ethernet.o [9]
  .rodata            const     0x802'429c         4       0x8  ethernet.o [9]
  .rodata            const     0x802'42a4         4       0x8  ff.o [8]
  .rodata            const     0x802'42ac         4       0x8  LCD_Driver.o [6]
  .rodata            const     0x802'42b4         4       0x8  Msic_Function.o [6]
  .rodata            const     0x802'42bc         4       0x8  Msic_Function.o [6]
  .rodata            const     0x802'42c4         4       0x8  RFM_Driver.o [6]
  .rodata            const     0x802'42cc         4       0x8  RFM_Driver.o [6]
  .rodata            const     0x802'42d4         4       0x8  system_stm32f4xx.o [4]
  .rodata            const     0x802'42dc         4       0x8  tcp.o [9]
  .rodata            const     0x802'42e4         4       0x8  tcp_in.o [9]
  .rodata            const     0x802'42ec         4       0x8  tcp_in.o [9]
  .rodata            const     0x802'42f4         4       0x4  ip4_addr.o [9]
  .rodata            const     0x802'42f8         4       0x4  usbh_msc.o [14]
  .text              ro code   0x802'42fc         2       0x4  startup_stm32f429xx.o [7]
  .text              ro code   0x802'4300         2       0x4  startup_stm32f429xx.o [7]
  .text              ro code   0x802'4304         2       0x4  startup_stm32f429xx.o [7]
  .text              ro code   0x802'4308         2       0x4  startup_stm32f429xx.o [7]
  .text              ro code   0x802'430c         2       0x4  startup_stm32f429xx.o [7]
  .text              ro code   0x802'4310         2       0x4  startup_stm32f429xx.o [7]
  .text              ro code   0x802'4314         2       0x4  startup_stm32f429xx.o [7]
  .text              ro code   0x802'4318         2       0x4  startup_stm32f429xx.o [7]
  .text              ro code   0x802'431c         2       0x4  startup_stm32f429xx.o [7]
  .text              ro code   0x802'4320         2       0x4  startup_stm32f429xx.o [7]
  .text              ro code   0x802'4324         2       0x4  startup_stm32f429xx.o [7]
  .text              ro code   0x802'4328         2       0x4  startup_stm32f429xx.o [7]
  .text              ro code   0x802'432c         2       0x4  startup_stm32f429xx.o [7]
  .text              ro code   0x802'4330         2       0x4  startup_stm32f429xx.o [7]
  .text              ro code   0x802'4334         2       0x4  startup_stm32f429xx.o [7]
  .text              ro code   0x802'4338         2       0x4  startup_stm32f429xx.o [7]
  .text              ro code   0x802'433c         2       0x4  startup_stm32f429xx.o [7]
  .text              ro code   0x802'4340         2       0x4  startup_stm32f429xx.o [7]
  .text              ro code   0x802'4344         2       0x4  startup_stm32f429xx.o [7]
  .text              ro code   0x802'4348         2       0x4  startup_stm32f429xx.o [7]
  .text              ro code   0x802'434c         2       0x4  startup_stm32f429xx.o [7]
  .text              ro code   0x802'4350         2       0x4  startup_stm32f429xx.o [7]
  .text              ro code   0x802'4354         2       0x4  startup_stm32f429xx.o [7]
  .text              ro code   0x802'4358         2       0x4  startup_stm32f429xx.o [7]
  .text              ro code   0x802'435c         2       0x4  startup_stm32f429xx.o [7]
  .text              ro code   0x802'4360         2       0x4  startup_stm32f429xx.o [7]
  .text              ro code   0x802'4364         2       0x4  startup_stm32f429xx.o [7]
[...]
memp_memory_RX_POOL_base
                        0x2000'013c  0x4984  Data  ??  ethernetif.o [12]
memp_memory_SYS_TIMEOUT_base
                        0x2000'f918    0x34  Data  ??  memp.o [9]
memp_memory_TCP_PCB_LISTEN_base
                        0x2000'f140    0xe4  Data  ??  memp.o [9]
memp_memory_TCP_PCB_base
                        0x2000'd990   0x310  Data  ??  memp.o [9]
memp_memory_TCP_SEG_base
                        0x2000'e848   0x104  Data  ??  memp.o [9]
memp_pools               0x802'2a50    0x20  Data  ??  memp.o [9]
memp_stats_FRAG_PBUF    0x2000'faa4     0xc  Data  Lc  memp.o [9]
memp_stats_PBUF         0x2000'fabc     0xc  Data  Lc  memp.o [9]
memp_stats_PBUF_POOL    0x2000'fac8     0xc  Data  Lc  memp.o [9]
memp_stats_REASSDATA    0x2000'fa98     0xc  Data  Lc  memp.o [9]
memp_stats_RX_POOL      0x2000'fa5c     0xc  Data  Lc  ethernetif.o [12]
memp_stats_SYS_TIMEOUT  0x2000'fab0     0xc  Data  Lc  memp.o [9]
memp_stats_TCP_PCB      0x2000'fa74     0xc  Data  Lc  memp.o [9]
memp_stats_TCP_PCB_LISTEN
                        0x2000'fa80     0xc  Data  Lc  memp.o [9]
memp_stats_TCP_SEG      0x2000'fa8c     0xc  Data  Lc  memp.o [9]
memp_tab_FRAG_PBUF      0x2000'fb5c     0x4  Data  Lc  memp.o [9]
memp_tab_PBUF           0x2000'fb64     0x4  Data  Lc  memp.o [9]
memp_tab_PBUF_POOL      0x2000'fb68     0x4  Data  Lc  memp.o [9]
memp_tab_REASSDATA      0x2000'fb58     0x4  Data  Lc  memp.o [9]
memp_tab_RX_POOL        0x2000'faf0     0x4  Data  Lc  ethernetif.o [12]
memp_tab_SYS_TIMEOUT    0x2000'fb60     0x4  Data  Lc  memp.o [9]
memp_tab_TCP_PCB        0x2000'fb4c     0x4  Data  Lc  memp.o [9]
memp_tab_TCP_PCB_LISTEN
                        0x2000'fb50     0x4  Data  Lc  memp.o [9]
memp_tab_TCP_SEG        0x2000'fb54     0x4  Data  Lc  memp.o [9]
move_window              0x800'0539    0x42  Code  Lc  ff.o [8]
nSec_Delay               0x801'2295     0xc  Code  ??  Msic_Function.o [6]
ndigs                    0x802'0d08    0x28  Data  Lc  iar_Stoulx.o [15]
ndigs                    0x802'0d58    0x28  Data  Lc  iar_Stoullx.o [15]
netif_add                0x800'b313   0x154  Code  ??  netif.o [9]
netif_default           0x2000'fb70     0x4  Data  ??  netif.o [9]
netif_do_ip_addr_changed
                         0x800'b467    0x10  Code  Lc  netif.o [9]
netif_do_set_gw          0x800'b505    0x22  Code  Lc  netif.o [9]
netif_do_set_ipaddr      0x800'b477    0x6c  Code  Lc  netif.o [9]
netif_do_set_netmask     0x800'b4e3    0x22  Code  Lc  netif.o [9]
netif_get_by_index       0x800'b6dd    0x30  Code  ??  netif.o [9]
netif_init               0x800'b311     0x2  Code  ??  netif.o [9]
netif_issue_reports      0x800'b5d3    0x40  Code  Lc  netif.o [9]
netif_list              0x2000'fb6c     0x4  Data  ??  netif.o [9]
netif_null_output_ip4    0x800'b6d5     0x8  Code  Lc  netif.o [9]
netif_num               0x2000'fc2a     0x1  Data  Lc  netif.o [9]
netif_set_addr           0x800'b527    0x70  Code  ??  netif.o [9]
netif_set_default        0x800'b597     0x6  Code  ??  netif.o [9]
netif_set_down           0x800'b613    0x3c  Code  ??  netif.o [9]
netif_set_link_callback
                         0x800'b6cb     0x8  Code  ??  netif.o [9]
netif_set_link_down      0x800'b691    0x3a  Code  ??  netif.o [9]
netif_set_link_up        0x800'b64f    0x42  Code  ??  netif.o [9]
netif_set_up             0x800'b59d    0x36  Code  ??  netif.o [9]
netmask                 0x2000'fb2c     0x4  Data  ??  lwip.o [2]
next_timeout            0x2000'fba8     0x4  Data  Lc  timeouts.o [9]
obuf                    0x2000'f85c    0x50  Data  Lc  xfiles.o [15]
pFlash                  0x2000'f9d4    0x20  Data  ??  stm32f4xx_hal_flash.o [10]
pUSBHFatFS              0x2000'fb04     0x4  Data  ??  File_Handling.o [6]
pbuf_add_header          0x800'5e85    0x12  Code  ??  pbuf.o [9]
pbuf_add_header_impl     0x800'5dfd    0x88  Code  Lc  pbuf.o [9]
pbuf_alloc               0x800'5ab1   0x1c8  Code  ??  pbuf.o [9]
pbuf_alloc_reference     0x800'5c79    0x5a  Code  ??  pbuf.o [9]
pbuf_alloced_custom      0x800'5cd3    0x68  Code  ??  pbuf.o [9]
pbuf_cat                 0x800'6073    0x7a  Code  ??  pbuf.o [9]
pbuf_chain               0x800'60ed    0x16  Code  ??  pbuf.o [9]
pbuf_clen                0x800'6037    0x12  Code  ??  pbuf.o [9]
pbuf_clone               0x800'6325    0x48  Code  ??  pbuf.o [9]
pbuf_copy                0x800'6103   0x146  Code  ??  pbuf.o [9]
pbuf_copy_partial        0x800'6249    0xc6  Code  ??  pbuf.o [9]
pbuf_free                0x800'5f49    0xee  Code  ??  pbuf.o [9]
pbuf_free_custom         0x800'b973    0x1c  Code  ??  ethernetif.o [12]
pbuf_free_ooseq          0x800'5a5d    0x28  Code  ??  pbuf.o [9]
pbuf_free_ooseq_pending
                        0x2000'fc2b     0x1  Data  ??  pbuf.o [9]
pbuf_header_force        0x800'5f35    0x14  Code  ??  pbuf.o [9]
pbuf_header_impl         0x800'5f07    0x2e  Code  Lc  pbuf.o [9]
pbuf_init_alloced_pbuf   0x800'5a8f    0x22  Code  Lc  pbuf.o [9]
pbuf_pool_is_empty       0x800'5a85     0xa  Code  Lc  pbuf.o [9]
pbuf_realloc             0x800'5d3b    0xc2  Code  ??  pbuf.o [9]
pbuf_ref                 0x800'6049    0x2a  Code  ??  pbuf.o [9]
pbuf_remove_header       0x800'5e97    0x70  Code  ??  pbuf.o [9]
pick_lfn                 0x800'1293    0x92  Code  Lc  ff.o [8]
plug_holes               0x800'aa95    0xf4  Code  Lc  mem.o [9]
pow                      0x801'85b5   0x68c  Code  ??  pow64.o [16]
powl                     0x801'85b5   0x68c  Code  ??  pow64.o [16]
pows                     0x802'0df0    0x48  Data  Lc  strto64.o [16]
printf                   0x800'59b9    0x28  Code  ??  printf.o [15]
processRow               0x801'1899     0xe  Code  ??  DISPLAY_SCREEN.o [6]
ptr_to_mem               0x800'aa7d     0xc  Code  Lc  mem.o [9]
put_fat                  0x800'0801   0x19a  Code  Lc  ff.o [8]
put_lfn                  0x800'1325    0x8a  Code  Lc  ff.o [8]
putchar                  0x802'0ec1    0x44  Code  ??  putchar.o [15]
ram                     0x2000'fb40     0x4  Data  Lc  mem.o [9]
ram_end                 0x2000'fb44     0x4  Data  Lc  mem.o [9]
ram_heap                0x2000'4ac0  0x2814  Data  ??  mem.o [9]
rand                     0x800'b211    0x86  Code  ??  rand.o [15]
ranmatch                 0x801'b293    0x4a  Code  Lc  xscanffull_nomb.o [15]
reassdatagrams          0x2000'fb20     0x4  Data  Lc  ip4_frag.o [9]
recv_acked              0x2000'fbe4     0x2  Data  Lc  tcp_in.o [9]
recv_data               0x2000'fb9c     0x4  Data  Lc  tcp_in.o [9]
recv_flags              0x2000'fc35     0x1  Data  Lc  tcp_in.o [9]
remove_chain             0x800'0b97   0x13a  Code  Lc  ff.o [8]
reqt                    0x2000'013a     0x1  Data  ??  DISPLAY_SCREEN.o [6]
retUSBH                 0x2000'fc1c     0x1  Data  ??  fatfs.o [1]
sDate                   0x2000'faec     0x4  Data  ??  APP_RAM.o [6]
sTime                   0x2000'fa0c    0x14  Data  ??  APP_RAM.o [6]
scalbln                  0x800'cca5          Code  ??  ldexp.o [16]
scalblnl                 0x800'cca5          Code  ??  ldexp.o [16]
scalbn                   0x800'cca5          Code  ??  ldexp.o [16]
scalbnl                  0x800'cca5          Code  ??  ldexp.o [16]
scale                    0x800'a7d7    0x46  Code  Lc  xprintffull_nomb.o [15]
sec_hand                0x2000'fbb4     0x4  Data  Lc  xfail_s.o [15]
send_data                0x801'5fa7    0x3a  Code  ??  TCPServerRAW.o [6]
seqno                   0x2000'fb94     0x4  Data  Lc  tcp_in.o [9]
snprintf                 0x801'678d    0x44  Code  ??  snprintf.o [15]
sprintf                  0x801'3719    0x40  Code  ??  sprintf.o [15]
sscanf                   0x801'8561    0x28  Code  ??  sscanf.o [15]
st_clust                 0x800'11c1    0x2a  Code  Lc  ff.o [8]
st_dword                 0x800'025d    0x18  Code  Lc  ff.o [8]
st_qword                 0x800'0275    0x5a  Code  Lc  ff.o [8]
st_word                  0x800'024f     0xe  Code  Lc  ff.o [8]
stats_init               0x801'8589     0x2  Code  ??  stats.o [9]
store_xdir               0x800'1711    0x7e  Code  Lc  ff.o [8]
strcat                   0x801'67d1    0x1e  Code  ??  strcat.o [15]
strchr                   0x800'cae5          Code  ??  strchr.o [17]
strcpy                   0x801'b849          Code  ??  strcpy.o [17]
strdup                   0x801'8c41    0x18  Code  ??  strdup.o [15]
strlen                   0x800'cb3d          Code  ??  strlen.o [17]
strncpy                  0x801'8c59          Code  ??  strncpy.o [17]
strstr                   0x801'6009    0x2a  Code  ??  strstr.o [15]
strtol                   0x801'855d     0x4  Code  ??  iar_Stolx.o [15]
strtoll                  0x801'cc71     0x2  Code  ??  iar_Stollx.o [15]
strtoull                 0x801'cbc9     0x2  Code  ??  iar_Stoullx.o [15]
sum_sfn                  0x800'1469    0x20  Code  Lc  ff.o [8]
sync_fs                  0x800'057b    0x90  Code  Lc  ff.o [8]
sync_window              0x800'04df    0x5a  Code  Lc  ff.o [8]
sys_check_timeouts       0x800'94d1    0x4a  Code  ??  timeouts.o [9]
sys_now                  0x800'b98f     0x8  Code  ??  ethernetif.o [12]
sys_timeout              0x800'94a1    0x30  Code  ??  timeouts.o [9]
sys_timeout_abs          0x800'93c7    0x82  Code  Lc  timeouts.o [9]
sys_timeouts_init        0x800'9483    0x1e  Code  ??  timeouts.o [9]
tcp_abandon              0x800'66fd   0x120  Code  ??  tcp.o [9]
tcp_abort                0x800'681d     0xe  Code  ??  tcp.o [9]
tcp_accept               0x800'7605    0x10  Code  ??  tcp.o [9]
tcp_accept_null          0x800'6917    0x2c  Code  Lc  tcp.o [9]
tcp_active_pcbs         0x2000'fb84     0x4  Data  ??  tcp.o [9]
tcp_active_pcbs_changed
                        0x2000'fc31     0x1  Data  ??  tcp.o [9]
tcp_alloc                0x800'7461   0x120  Code  ??  tcp.o [9]
tcp_arg                  0x800'758b     0x8  Code  ??  tcp.o [9]
tcp_backoff              0x802'3f8c    0x10  Data  Lc  tcp.o [9]
tcp_bind                 0x800'682b    0xec  Code  ??  tcp.o [9]
tcp_bound_pcbs          0x2000'fb7c     0x4  Data  ??  tcp.o [9]
tcp_close                0x800'66c3    0x3a  Code  ??  tcp.o [9]
tcp_close_shutdown       0x800'64d7   0x14c  Code  Lc  tcp.o [9]
tcp_close_shutdown_fin   0x800'6623    0xa0  Code  Lc  tcp.o [9]
tcp_create_segment       0x800'7993   0x126  Code  Lc  tcp_out.o [9]
tcp_eff_send_mss_netif   0x800'77c7    0x56  Code  ??  tcp.o [9]
tcp_enqueue_flags        0x800'85a5   0x1ac  Code  ??  tcp_out.o [9]
tcp_err                  0x800'75df    0x26  Code  ??  tcp.o [9]
tcp_fasttmr              0x800'70cf    0x7e  Code  ??  tcp.o [9]
tcp_free                 0x800'63eb    0x26  Code  ??  tcp.o [9]
tcp_free_acked_segments
                         0x800'4d49    0xb2  Code  Lc  tcp_in.o [9]
tcp_free_listen          0x800'6411    0x26  Code  Lc  tcp.o [9]
tcp_free_ooseq           0x800'7941    0x16  Code  ??  tcp.o [9]
tcp_get_next_optbyte     0x800'5843    0x3a  Code  Lc  tcp_in.o [9]
tcp_handle_closepend     0x800'742d    0x2a  Code  Lc  tcp.o [9]
tcp_init                 0x800'63d5    0x16  Code  ??  tcp.o [9]
tcp_input                0x800'3d65   0x6c0  Code  ??  tcp_in.o [9]
tcp_input_delayed_close
                         0x800'4425    0x54  Code  Lc  tcp_in.o [9]
tcp_input_pcb           0x2000'fba0     0x4  Data  ??  tcp_in.o [9]
tcp_keepalive            0x800'919d    0x5a  Code  ??  tcp_out.o [9]
tcp_kill_prio            0x800'730d    0x74  Code  Lc  tcp.o [9]
tcp_kill_state           0x800'7389    0x68  Code  Lc  tcp.o [9]
tcp_kill_timewait        0x800'73f1    0x36  Code  Lc  tcp.o [9]
tcp_listen_closed        0x800'6485    0x52  Code  Lc  tcp.o [9]
tcp_listen_input         0x800'4479   0x15c  Code  Lc  tcp_in.o [9]
tcp_listen_pcbs         0x2000'fb80     0x4  Data  ??  tcp.o [9]
tcp_listen_with_backlog
                         0x800'6943    0x14  Code  ??  tcp.o [9]
tcp_listen_with_backlog_and_err
                         0x800'6957    0xe4  Code  ??  tcp.o [9]
tcp_netif_ip_addr_changed
                         0x800'785d    0x4a  Code  ??  tcp.o [9]
tcp_netif_ip_addr_changed_pcblist
                         0x800'7825    0x38  Code  Lc  tcp.o [9]
tcp_new                  0x800'7581     0xa  Code  ??  tcp.o [9]
tcp_new_port             0x800'6b27    0x62  Code  Lc  tcp.o [9]
tcp_next_iss             0x800'77a1    0x26  Code  ??  tcp.o [9]
tcp_next_iss::iss       0x2000'0038     0x4  Data  Lc  tcp.o [9]
tcp_oos_insert_segment   0x800'4c95    0xa6  Code  Lc  tcp_in.o [9]
tcp_optidx              0x2000'fbe2     0x2  Data  Lc  tcp_in.o [9]
tcp_output               0x800'8779   0x2d4  Code  ??  tcp_out.o [9]
tcp_output_alloc_header
                         0x800'8ee1    0x52  Code  Lc  tcp_out.o [9]
tcp_output_alloc_header_common
                         0x800'8e29    0xb4  Code  Lc  tcp_out.o [9]
tcp_output_control_segment
                         0x800'8fbd    0x82  Code  Lc  tcp_out.o [9]
tcp_output_fill_options
                         0x800'8f3d    0x80  Code  Lc  tcp_out.o [9]
tcp_output_segment       0x800'8a81   0x178  Code  Lc  tcp_out.o [9]
tcp_output_segment_busy
                         0x800'8a4d    0x2c  Code  Lc  tcp_out.o [9]
tcp_parseopt             0x800'5881    0xba  Code  Lc  tcp_in.o [9]
tcp_pbuf_prealloc        0x800'7ab9    0xe0  Code  Lc  tcp_out.o [9]
tcp_pcb_lists            0x802'3f9c    0x10  Data  ??  tcp.o [9]
tcp_pcb_purge            0x800'764d    0x68  Code  ??  tcp.o [9]
tcp_pcb_remove           0x800'76d5    0xc4  Code  ??  tcp.o [9]
tcp_persist_backoff      0x802'42dc     0x8  Data  Lc  tcp.o [9]
tcp_poll                 0x800'7615    0x38  Code  ??  tcp.o [9]
tcp_port                0x2000'0136     0x2  Data  Lc  tcp.o [9]
tcp_process              0x800'46bd   0x5ca  Code  Lc  tcp_in.o [9]
tcp_process_refused_data
                         0x800'7159    0xb4  Code  ??  tcp.o [9]
tcp_receive              0x800'4e41   0xa02  Code  Lc  tcp_in.o [9]
tcp_recv                 0x800'7593    0x26  Code  ??  tcp.o [9]
tcp_recv_null            0x800'72b9    0x50  Code  ??  tcp.o [9]
tcp_recved               0x800'6ab3    0x74  Code  ??  tcp.o [9]
tcp_remove_listener      0x800'6453    0x32  Code  Lc  tcp.o [9]
tcp_rexmit               0x800'8d09    0x92  Code  ??  tcp_out.o [9]
tcp_rexmit_fast          0x800'8da1    0x84  Code  ??  tcp_out.o [9]
tcp_rexmit_rto           0x800'8cd1    0x2e  Code  ??  tcp_out.o [9]
tcp_rexmit_rto_commit    0x800'8c97    0x36  Code  ??  tcp_out.o [9]
tcp_rexmit_rto_prepare   0x800'8c01    0x96  Code  ??  tcp_out.o [9]
tcp_route                0x800'7971    0x22  Code  Lc  tcp_out.o [9]
tcp_rst                  0x800'9049    0x8e  Code  ??  tcp_out.o [9]
tcp_seg_copy             0x800'7269    0x4c  Code  ??  tcp.o [9]
tcp_seg_free             0x800'7223    0x1e  Code  ??  tcp.o [9]
tcp_segs_free            0x800'720d    0x16  Code  ??  tcp.o [9]
tcp_send_empty_ack       0x800'90e5    0xb4  Code  ??  tcp_out.o [9]
tcp_send_fin             0x800'8525    0x5e  Code  ??  tcp_out.o [9]
tcp_sent                 0x800'75b9    0x26  Code  ??  tcp.o [9]
tcp_server_accept        0x801'5c7d    0x72  Code  Lc  TCPServerRAW.o [6]
tcp_server_connection_close
                         0x801'5ef3    0x48  Code  Lc  TCPServerRAW.o [6]
tcp_server_error         0x801'5ddd    0x14  Code  Lc  TCPServerRAW.o [6]
tcp_server_handle        0x801'5f3b    0x6c  Code  Lc  TCPServerRAW.o [6]
tcp_server_poll          0x801'5df1    0x46  Code  Lc  TCPServerRAW.o [6]
tcp_server_recv          0x801'5cf1    0xea  Code  Lc  TCPServerRAW.o [6]
tcp_server_send          0x801'5e71    0x82  Code  Lc  TCPServerRAW.o [6]
tcp_server_sent          0x801'5e39    0x38  Code  Lc  TCPServerRAW.o [6]
tcp_setprio              0x800'7241    0x24  Code  ??  tcp.o [9]
tcp_slowtmr              0x800'6bdd   0x4f2  Code  ??  tcp.o [9]
tcp_split_unsent_seg     0x800'830f   0x216  Code  ??  tcp_out.o [9]
tcp_ticks               0x2000'fb78     0x4  Data  ??  tcp.o [9]
tcp_timer               0x2000'fc32     0x1  Data  Lc  tcp.o [9]
tcp_timer_ctr           0x2000'fc33     0x1  Data  Lc  tcp.o [9]
tcp_timer_needed         0x800'939d    0x2a  Code  ??  timeouts.o [9]
tcp_timewait_input       0x800'45d5    0x9a  Code  Lc  tcp_in.o [9]
tcp_tmr                  0x800'6437    0x1c  Code  ??  tcp.o [9]
tcp_trigger_input_pcb_close
                         0x800'5941     0xc  Code  ??  tcp_in.o [9]
tcp_tw_pcbs             0x2000'fb88     0x4  Data  ??  tcp.o [9]
tcp_update_rcv_ann_wnd   0x800'6a3b    0x78  Code  ??  tcp.o [9]
tcp_write                0x800'7c6d   0x6a2  Code  ??  tcp_out.o [9]
tcp_write_checks         0x800'7b99    0xd4  Code  Lc  tcp_out.o [9]
tcp_zero_window_probe    0x800'9209    0xfc  Code  ??  tcp_out.o [9]
tcphdr                  0x2000'fb8c     0x4  Data  Lc  tcp_in.o [9]
tcphdr_opt1len          0x2000'fbe0     0x2  Data  Lc  tcp_in.o [9]
tcphdr_opt2             0x2000'fb90     0x4  Data  Lc  tcp_in.o [9]
tcphdr_optlen           0x2000'fbde     0x2  Data  Lc  tcp_in.o [9]
tcpip_tcp_timer          0x800'9371    0x2c  Code  Lc  timeouts.o [9]
tcpip_tcp_timer_active  0x2000'fbb0     0x4  Data  Lc  timeouts.o [9]
tcplen                  0x2000'fbe6     0x2  Data  Lc  tcp_in.o [9]
test_count              0x2000'fc16     0x1  Data  ??  DISPLAY_SCREEN.o [6]
tolower                  0x801'859f    0x14  Code  ??  tolower.o [15]
total                   0x2000'fb0c     0x4  Data  ??  File_Handling.o [6]
uwTick                  0x2000'fb74     0x4  Data  ??  stm32f4xx_hal.o [10]
uwTickFreq              0x2000'013b     0x1  Data  ??  stm32f4xx_hal.o [10]
uwTickPrio              0x2000'0030     0x4  Data  ??  stm32f4xx_hal.o [10]
validate                 0x800'2859    0x4a  Code  Lc  ff.o [8]
xdir_sum                 0x800'1489    0x34  Code  Lc  ff.o [8]
xname_sum                0x800'14bd    0x44  Code  Lc  ff.o [8]


[1] = C:\Users\AMAN\Downloads\WC_Gateway-main\2.0\WC_Gateway-main\WC_Gateway-main\EWARM\Source_Code\Obj\App_10636927718597068559.dir
[2] = C:\Users\AMAN\Downloads\WC_Gateway-main\2.0\WC_Gateway-main\WC_Gateway-main\EWARM\Source_Code\Obj\App_1701151011510409763.dir
[3] = C:\Users\AMAN\Downloads\WC_Gateway-main\2.0\WC_Gateway-main\WC_Gateway-main\EWARM\Source_Code\Obj\App_3401708908514150217.dir
[4] = C:\Users\AMAN\Downloads\WC_Gateway-main\2.0\WC_Gateway-main\WC_Gateway-main\EWARM\Source_Code\Obj\CMSIS_6603591812247902717.dir
[5] = C:\Users\AMAN\Downloads\WC_Gateway-main\2.0\WC_Gateway-main\WC_Gateway-main\EWARM\Source_Code\Obj\Components_1361118596739929299.dir
[6] = C:\Users\AMAN\Downloads\WC_Gateway-main\2.0\WC_Gateway-main\WC_Gateway-main\EWARM\Source_Code\Obj\Core_13247989168731456611.dir
[7] = C:\Users\AMAN\Downloads\WC_Gateway-main\2.0\WC_Gateway-main\WC_Gateway-main\EWARM\Source_Code\Obj\EWARM_18443280873093131863.dir
[8] = C:\Users\AMAN\Downloads\WC_Gateway-main\2.0\WC_Gateway-main\WC_Gateway-main\EWARM\Source_Code\Obj\FatFs_12623354994737465327.dir
[9] = C:\Users\AMAN\Downloads\WC_Gateway-main\2.0\WC_Gateway-main\WC_Gateway-main\EWARM\Source_Code\Obj\LwIP_6171225858623166285.dir
[10] = C:\Users\AMAN\Downloads\WC_Gateway-main\2.0\WC_Gateway-main\WC_Gateway-main\EWARM\Source_Code\Obj\STM32F4xx_HAL_Driver_1244631019742807970.dir
[11] = C:\Users\AMAN\Downloads\WC_Gateway-main\2.0\WC_Gateway-main\WC_Gateway-main\EWARM\Source_Code\Obj\Target_18182977373954435029.dir
[12] = C:\Users\AMAN\Downloads\WC_Gateway-main\2.0\WC_Gateway-main\WC_Gateway-main\EWARM\Source_Code\Obj\Target_3350788479523181063.dir
[13] = C:\Users\AMAN\Downloads\WC_Gateway-main\2.0\WC_Gateway-main\WC_Gateway-main\EWARM\Source_Code\Obj\Target_7593072556162471310.dir
[14] = C:\Users\AMAN\Downloads\WC_Gateway-main\2.0\WC_Gateway-main\WC_Gateway-main\EWARM\Source_Code\Obj\USB_Host_Library_16194517938818721155.dir
[15] = dl7M_tlf.a
[16] = m7M_tls.a
[17] = rt7M_tl.a
[18] = shb_l.a

  127'291 bytes of readonly  code memory
   21'450 bytes of readonly  data memory
   70'712 bytes of readwrite data memory

Errors: none
Warnings: none
